Archive member included to satisfy reference by file (symbol)

C:/Users/marlonwu/AppData/Local/stm32cube/bundles/gnu-tools-for-stm32/14.3.1+st.2/bin/../lib/gcc/arm-none-eabi/14.3.1/thumb/v7e-m+fp/hard\libgcc.a(_aeabi_uldivmod.o)
                              cmake/stm32cubemx/CMakeFiles/STM32_Drivers.dir/__/__/Drivers/STM32F4xx_HAL_Driver/Src/stm32f4xx_hal_rcc.c.obj (__aeabi_uldivmod)
C:/Users/marlonwu/AppData/Local/stm32cube/bundles/gnu-tools-for-stm32/14.3.1+st.2/bin/../lib/gcc/arm-none-eabi/14.3.1/thumb/v7e-m+fp/hard\libgcc.a(_udivmoddi4.o)
                              C:/Users/marlonwu/AppData/Local/stm32cube/bundles/gnu-tools-for-stm32/14.3.1+st.2/bin/../lib/gcc/arm-none-eabi/14.3.1/thumb/v7e-m+fp/hard\libgcc.a(_aeabi_uldivmod.o) (__udivmoddi4)
C:/Users/marlonwu/AppData/Local/stm32cube/bundles/gnu-tools-for-stm32/14.3.1+st.2/bin/../lib/gcc/arm-none-eabi/14.3.1/thumb/v7e-m+fp/hard\libgcc.a(_dvmd_tls.o)
                              C:/Users/marlonwu/AppData/Local/stm32cube/bundles/gnu-tools-for-stm32/14.3.1+st.2/bin/../lib/gcc/arm-none-eabi/14.3.1/thumb/v7e-m+fp/hard\libgcc.a(_aeabi_uldivmod.o) (__aeabi_ldiv0)
C:/Users/marlonwu/AppData/Local/stm32cube/bundles/gnu-tools-for-stm32/14.3.1+st.2/bin/../lib/gcc/arm-none-eabi/14.3.1/../../../../arm-none-eabi/lib/thumb/v7e-m+fp/hard\libg_nano.a(libc_a-exit.o)
                              C:/Users/marlonwu/AppData/Local/stm32cube/bundles/gnu-tools-for-stm32/14.3.1+st.2/bin/../lib/gcc/arm-none-eabi/14.3.1/../../../../arm-none-eabi/lib/thumb/v7e-m+fp/hard/crt0.o (exit)
C:/Users/marlonwu/AppData/Local/stm32cube/bundles/gnu-tools-for-stm32/14.3.1+st.2/bin/../lib/gcc/arm-none-eabi/14.3.1/../../../../arm-none-eabi/lib/thumb/v7e-m+fp/hard\libg_nano.a(libc_a-strtoul.o)
                              CMakeFiles/F411_ESC_Test.dir/Core/Src/main.c.obj (strtoul)
C:/Users/marlonwu/AppData/Local/stm32cube/bundles/gnu-tools-for-stm32/14.3.1+st.2/bin/../lib/gcc/arm-none-eabi/14.3.1/../../../../arm-none-eabi/lib/thumb/v7e-m+fp/hard\libg_nano.a(libc_a-ctype_.o)
                              CMakeFiles/F411_ESC_Test.dir/Core/Src/main.c.obj (_ctype_)
C:/Users/marlonwu/AppData/Local/stm32cube/bundles/gnu-tools-for-stm32/14.3.1+st.2/bin/../lib/gcc/arm-none-eabi/14.3.1/../../../../arm-none-eabi/lib/thumb/v7e-m+fp/hard\libg_nano.a(libc_a-findfp.o)
                              C:/Users/marlonwu/AppData/Local/stm32cube/bundles/gnu-tools-for-stm32/14.3.1+st.2/bin/../lib/gcc/arm-none-eabi/14.3.1/../../../../arm-none-eabi/lib/thumb/v7e-m+fp/hard\libg_nano.a(libc_a-exit.o) (__stdio_exit_handler)
C:/Users/marlonwu/AppData/Local/stm32cube/bundles/gnu-tools-for-stm32/14.3.1+st.2/bin/../lib/gcc/arm-none-eabi/14.3.1/../../../../arm-none-eabi/lib/thumb/v7e-m+fp/hard\libg_nano.a(libc_a-fwalk.o)
                              C:/Users/marlonwu/AppData/Local/stm32cube/bundles/gnu-tools-for-stm32/14.3.1+st.2/bin/../lib/gcc/arm-none-eabi/14.3.1/../../../../arm-none-eabi/lib/thumb/v7e-m+fp/hard\libg_nano.a(libc_a-findfp.o) (_fwalk_sglue)
C:/Users/marlonwu/AppData/Local/stm32cube/bundles/gnu-tools-for-stm32/14.3.1+st.2/bin/../lib/gcc/arm-none-eabi/14.3.1/../../../../arm-none-eabi/lib/thumb/v7e-m+fp/hard\libg_nano.a(libc_a-sprintf.o)
                              CMakeFiles/F411_ESC_Test.dir/Core/Src/main.c.obj (sprintf)
C:/Users/marlonwu/AppData/Local/stm32cube/bundles/gnu-tools-for-stm32/14.3.1+st.2/bin/../lib/gcc/arm-none-eabi/14.3.1/../../../../arm-none-eabi/lib/thumb/v7e-m+fp/hard\libg_nano.a(libc_a-stdio.o)
                              C:/Users/marlonwu/AppData/Local/stm32cube/bundles/gnu-tools-for-stm32/14.3.1+st.2/bin/../lib/gcc/arm-none-eabi/14.3.1/../../../../arm-none-eabi/lib/thumb/v7e-m+fp/hard\libg_nano.a(libc_a-findfp.o) (__sread)
C:/Users/marlonwu/AppData/Local/stm32cube/bundles/gnu-tools-for-stm32/14.3.1+st.2/bin/../lib/gcc/arm-none-eabi/14.3.1/../../../../arm-none-eabi/lib/thumb/v7e-m+fp/hard\libg_nano.a(libc_a-memset.o)
                              C:/Users/marlonwu/AppData/Local/stm32cube/bundles/gnu-tools-for-stm32/14.3.1+st.2/bin/../lib/gcc/arm-none-eabi/14.3.1/../../../../arm-none-eabi/lib/thumb/v7e-m+fp/hard/crt0.o (memset)
C:/Users/marlonwu/AppData/Local/stm32cube/bundles/gnu-tools-for-stm32/14.3.1+st.2/bin/../lib/gcc/arm-none-eabi/14.3.1/../../../../arm-none-eabi/lib/thumb/v7e-m+fp/hard\libg_nano.a(libc_a-strncmp.o)
                              CMakeFiles/F411_ESC_Test.dir/Core/Src/main.c.obj (strncmp)
C:/Users/marlonwu/AppData/Local/stm32cube/bundles/gnu-tools-for-stm32/14.3.1+st.2/bin/../lib/gcc/arm-none-eabi/14.3.1/../../../../arm-none-eabi/lib/thumb/v7e-m+fp/hard\libg_nano.a(libc_a-closer.o)
                              C:/Users/marlonwu/AppData/Local/stm32cube/bundles/gnu-tools-for-stm32/14.3.1+st.2/bin/../lib/gcc/arm-none-eabi/14.3.1/../../../../arm-none-eabi/lib/thumb/v7e-m+fp/hard\libg_nano.a(libc_a-stdio.o) (_close_r)
[...]
Memory Configuration

Name             Origin             Length             Attributes
RAM              0x20000000         0x00020000         xrw
FLASH            0x08000000         0x00080000         xr
*default*        0x00000000         0xffffffff

Linker script and memory map

LOAD C:/Users/marlonwu/AppData/Local/stm32cube/bundles/gnu-tools-for-stm32/14.3.1+st.2/bin/../lib/gcc/arm-none-eabi/14.3.1/thumb/v7e-m+fp/hard/crti.o
LOAD C:/Users/marlonwu/AppData/Local/stm32cube/bundles/gnu-tools-for-stm32/14.3.1+st.2/bin/../lib/gcc/arm-none-eabi/14.3.1/thumb/v7e-m+fp/hard/crtbegin.o
LOAD C:/Users/marlonwu/AppData/Local/stm32cube/bundles/gnu-tools-for-stm32/14.3.1+st.2/bin/../lib/gcc/arm-none-eabi/14.3.1/../../../../arm-none-eabi/lib/thumb/v7e-m+fp/hard/crt0.o
LOAD cmake/stm32cubemx/CMakeFiles/STM32_Drivers.dir/__/__/Core/Src/system_stm32f4xx.c.obj
LOAD cmake/stm32cubemx/CMakeFiles/STM32_Drivers.dir/__/__/Drivers/STM32F4xx_HAL_Driver/Src/stm32f4xx_hal_tim.c.obj
LOAD cmake/stm32cubemx/CMakeFiles/STM32_Drivers.dir/__/__/Drivers/STM32F4xx_HAL_Driver/Src/stm32f4xx_hal_tim_ex.c.obj
LOAD cmake/stm32cubemx/CMakeFiles/STM32_Drivers.dir/__/__/Drivers/STM32F4xx_HAL_Driver/Src/stm32f4xx_hal_rcc.c.obj
LOAD cmake/stm32cubemx/CMakeFiles/STM32_Drivers.dir/__/__/Drivers/STM32F4xx_HAL_Driver/Src/stm32f4xx_hal_rcc_ex.c.obj
LOAD cmake/stm32cubemx/CMakeFiles/STM32_Drivers.dir/__/__/Drivers/STM32F4xx_HAL_Driver/Src/stm32f4xx_hal_flash.c.obj
LOAD cmake/stm32cubemx/CMakeFiles/STM32_Drivers.dir/__/__/Drivers/STM32F4xx_HAL_Driver/Src/stm32f4xx_hal_flash_ex.c.obj
LOAD cmake/stm32cubemx/CMakeFiles/STM32_Drivers.dir/__/__/Drivers/STM32F4xx_HAL_Driver/Src/stm32f4xx_hal_flash_ramfunc.c.obj
LOAD cmake/stm32cubemx/CMakeFiles/STM32_Drivers.dir/__/__/Drivers/STM32F4xx_HAL_Driver/Src/stm32f4xx_hal_gpio.c.obj
LOAD cmake/stm32cubemx/CMakeFiles/STM32_Drivers.dir/__/__/Drivers/STM32F4xx_HAL_Driver/Src/stm32f4xx_hal_dma_ex.c.obj
LOAD cmake/stm32cubemx/CMakeFiles/STM32_Drivers.dir/__/__/Drivers/STM32F4xx_HAL_Driver/Src/stm32f4xx_hal_dma.c.obj
LOAD cmake/stm32cubemx/CMakeFiles/STM32_Drivers.dir/__/__/Drivers/STM32F4xx_HAL_Driver/Src/stm32f4xx_hal_pwr.c.obj
LOAD cmake/stm32cubemx/CMakeFiles/STM32_Drivers.dir/__/__/Drivers/STM32F4xx_HAL_Driver/Src/stm32f4xx_hal_pwr_ex.c.obj
LOAD cmake/stm32cubemx/CMakeFiles/STM32_Drivers.dir/__/__/Drivers/STM32F4xx_HAL_Driver/Src/stm32f4xx_hal_cortex.c.obj
LOAD cmake/stm32cubemx/CMakeFiles/STM32_Drivers.dir/__/__/Drivers/STM32F4xx_HAL_Driver/Src/stm32f4xx_hal.c.obj
LOAD cmake/stm32cubemx/CMakeFiles/STM32_Drivers.dir/__/__/Drivers/STM32F4xx_HAL_Driver/Src/stm32f4xx_hal_exti.c.obj
LOAD cmake/stm32cubemx/CMakeFiles/STM32_Drivers.dir/__/__/Drivers/STM32F4xx_HAL_Driver/Src/stm32f4xx_hal_uart.c.obj
LOAD CMakeFiles/F411_ESC_Test.dir/Core/Src/main.c.obj
LOAD CMakeFiles/F411_ESC_Test.dir/Core/Src/gpio.c.obj
LOAD CMakeFiles/F411_ESC_Test.dir/Core/Src/dma.c.obj
LOAD CMakeFiles/F411_ESC_Test.dir/Core/Src/tim.c.obj
LOAD CMakeFiles/F411_ESC_Test.dir/Core/Src/usart.c.obj
LOAD CMakeFiles/F411_ESC_Test.dir/Core/Src/stm32f4xx_it.c.obj
LOAD CMakeFiles/F411_ESC_Test.dir/Core/Src/stm32f4xx_hal_msp.c.obj
LOAD CMakeFiles/F411_ESC_Test.dir/Core/Src/sysmem.c.obj
LOAD CMakeFiles/F411_ESC_Test.dir/Core/Src/syscalls.c.obj
LOAD CMakeFiles/F411_ESC_Test.dir/startup_stm32f411xe.s.obj
LOAD C:/Users/marlonwu/AppData/Local/stm32cube/bundles/gnu-tools-for-stm32/14.3.1+st.2/bin/../lib/gcc/arm-none-eabi/14.3.1/../../../../arm-none-eabi/lib/thumb/v7e-m+fp/hard\libm.a
START GROUP
LOAD C:/Users/marlonwu/AppData/Local/stm32cube/bundles/gnu-tools-for-stm32/14.3.1+st.2/bin/../lib/gcc/arm-none-eabi/14.3.1/thumb/v7e-m+fp/hard\libgcc.a
LOAD C:/Users/marlonwu/AppData/Local/stm32cube/bundles/gnu-tools-for-stm32/14.3.1+st.2/bin/../lib/gcc/arm-none-eabi/14.3.1/../../../../arm-none-eabi/lib/thumb/v7e-m+fp/hard\libg_nano.a
LOAD C:/Users/marlonwu/AppData/Local/stm32cube/bundles/gnu-tools-for-stm32/14.3.1+st.2/bin/../lib/gcc/arm-none-eabi/14.3.1/../../../../arm-none-eabi/lib/thumb/v7e-m+fp/hard\libc_nano.a
END GROUP
START GROUP
LOAD C:/Users/marlonwu/AppData/Local/stm32cube/bundles/gnu-tools-for-stm32/14.3.1+st.2/bin/../lib/gcc/arm-none-eabi/14.3.1/thumb/v7e-m+fp/hard\libgcc.a
LOAD C:/Users/marlonwu/AppData/Local/stm32cube/bundles/gnu-tools-for-stm32/14.3.1+st.2/bin/../lib/gcc/arm-none-eabi/14.3.1/../../../../arm-none-eabi/lib/thumb/v7e-m+fp/hard\libc_nano.a
END GROUP
LOAD C:/Users/marlonwu/AppData/Local/stm32cube/bundles/gnu-tools-for-stm32/14.3.1+st.2/bin/../lib/gcc/arm-none-eabi/14.3.1/thumb/v7e-m+fp/hard/crtend.o
LOAD C:/Users/marlonwu/AppData/Local/stm32cube/bundles/gnu-tools-for-stm32/14.3.1+st.2/bin/../lib/gcc/arm-none-eabi/14.3.1/thumb/v7e-m+fp/hard/crtn.o
                0x20020000                        _estack = (ORIGIN (RAM) + LENGTH (RAM))
                0x2001fc00                        _sstack = (_estack - _Min_Stack_Size)
                0x00000200                        _Min_Heap_Size = 0x200
                0x00000400                        _Min_Stack_Size = 0x400

.isr_vector     0x08000000      0x198
                0x08000000                        . = ALIGN (0x4)
 *(.isr_vector)
 .isr_vector    0x08000000      0x198 CMakeFiles/F411_ESC_Test.dir/startup_stm32f411xe.s.obj
                0x08000000                g_pfnVectors
                0x08000198                        . = ALIGN (0x4)

.text           0x080001a0     0x592c
                0x080001a0                        . = ALIGN (0x4)
 *(.text)
 .text          0x080001a0       0x40 C:/Users/marlonwu/AppData/Local/stm32cube/bundles/gnu-tools-for-stm32/14.3.1+st.2/bin/../lib/gcc/arm-none-eabi/14.3.1/thumb/v7e-m+fp/hard/crtbegin.o
 .text          0x080001e0       0x30 C:/Users/marlonwu/AppData/Local/stm32cube/bundles/gnu-tools-for-stm32/14.3.1+st.2/bin/../lib/gcc/arm-none-eabi/14.3.1/thumb/v7e-m+fp/hard\libgcc.a(_aeabi_uldivmod.o)
                0x080001e0                __aeabi_uldivmod
 .text          0x08000210      0x2f8 C:/Users/marlonwu/AppData/Local/stm32cube/bundles/gnu-tools-for-stm32/14.3.1+st.2/bin/../lib/gcc/arm-none-eabi/14.3.1/thumb/v7e-m+fp/hard\libgcc.a(_udivmoddi4.o)
                0x08000210                __udivmoddi4
 .text          0x08000508        0x4 C:/Users/marlonwu/AppData/Local/stm32cube/bundles/gnu-tools-for-stm32/14.3.1+st.2/bin/../lib/gcc/arm-none-eabi/14.3.1/thumb/v7e-m+fp/hard\libgcc.a(_dvmd_tls.o)
                0x08000508                __aeabi_idiv0
                0x08000508                __aeabi_ldiv0
 .text          0x0800050c       0x14 C:/Users/marlonwu/AppData/Local/stm32cube/bundles/gnu-tools-for-stm32/14.3.1+st.2/bin/../lib/gcc/arm-none-eabi/14.3.1/../../../../arm-none-eabi/lib/thumb/v7e-m+fp/hard\libg_nano.a(libc_a-strcmp.o)
                0x0800050c                strcmp
 .text          0x08000520       0x10 C:/Users/marlonwu/AppData/Local/stm32cube/bundles/gnu-tools-for-stm32/14.3.1+st.2/bin/../lib/gcc/arm-none-eabi/14.3.1/../../../../arm-none-eabi/lib/thumb/v7e-m+fp/hard\libg_nano.a(libc_a-strlen.o)
                0x08000520                strlen
 .text          0x08000530       0xa0 C:/Users/marlonwu/AppData/Local/stm32cube/bundles/gnu-tools-for-stm32/14.3.1+st.2/bin/../lib/gcc/arm-none-eabi/14.3.1/../../../../arm-none-eabi/lib/thumb/v7e-m+fp/hard\libg_nano.a(libc_a-memchr.o)
                0x08000530                memchr
 *(.text*)
 .text.SystemInit
                0x080005d0       0x24 cmake/stm32cubemx/CMakeFiles/STM32_Drivers.dir/__/__/Core/Src/system_stm32f4xx.c.obj
                0x080005d0                SystemInit
 .text.HAL_TIM_Base_Init
                0x080005f4       0x9e cmake/stm32cubemx/CMakeFiles/STM32_Drivers.dir/__/__/Drivers/STM32F4xx_HAL_Driver/Src/stm32f4xx_hal_tim.c.obj
                0x080005f4                HAL_TIM_Base_Init
 .text.HAL_TIM_PWM_Init
                0x08000692       0x9e cmake/stm32cubemx/CMakeFiles/STM32_Drivers.dir/__/__/Drivers/STM32F4xx_HAL_Driver/Src/stm32f4xx_hal_tim.c.obj
                0x08000692                HAL_TIM_PWM_Init
 .text.HAL_TIM_PWM_MspInit
                0x08000730       0x14 cmake/stm32cubemx/CMakeFiles/STM32_Drivers.dir/__/__/Drivers/STM32F4xx_HAL_Driver/Src/stm32f4xx_hal_tim.c.obj
                0x08000730                HAL_TIM_PWM_MspInit
 .text.HAL_TIM_PWM_Start
                0x08000744      0x160 cmake/stm32cubemx/CMakeFiles/STM32_Drivers.dir/__/__/Drivers/STM32F4xx_HAL_Driver/Src/stm32f4xx_hal_tim.c.obj
                0x08000744                HAL_TIM_PWM_Start
 .text.HAL_TIM_PWM_Stop
                0x080008a4       0xc8 cmake/stm32cubemx/CMakeFiles/STM32_Drivers.dir/__/__/Drivers/STM32F4xx_HAL_Driver/Src/stm32f4xx_hal_tim.c.obj
                0x080008a4                HAL_TIM_PWM_Stop
 .text.HAL_TIM_PWM_Start_DMA
                0x0800096c      0x360 cmake/stm32cubemx/CMakeFiles/STM32_Drivers.dir/__/__/Drivers/STM32F4xx_HAL_Driver/Src/stm32f4xx_hal_tim.c.obj
                0x0800096c                HAL_TIM_PWM_Start_DMA
 .text.HAL_TIM_PWM_Stop_DMA
                0x08000ccc      0x18c cmake/stm32cubemx/CMakeFiles/STM32_Drivers.dir/__/__/Drivers/STM32F4xx_HAL_Driver/Src/stm32f4xx_hal_tim.c.obj
                0x08000ccc                HAL_TIM_PWM_Stop_DMA
 .text.HAL_TIM_PWM_ConfigChannel
                0x08000e58      0x184 cmake/stm32cubemx/CMakeFiles/STM32_Drivers.dir/__/__/Drivers/STM32F4xx_HAL_Driver/Src/stm32f4xx_hal_tim.c.obj
                0x08000e58                HAL_TIM_PWM_ConfigChannel
 .text.HAL_TIM_ConfigClockSource
                0x08000fdc      0x18e cmake/stm32cubemx/CMakeFiles/STM32_Drivers.dir/__/__/Drivers/STM32F4xx_HAL_Driver/Src/stm32f4xx_hal_tim.c.obj
                0x08000fdc                HAL_TIM_ConfigClockSource
 .text.HAL_TIM_PWM_PulseFinishedCallback
                0x0800116a       0x14 cmake/stm32cubemx/CMakeFiles/STM32_Drivers.dir/__/__/Drivers/STM32F4xx_HAL_Driver/Src/stm32f4xx_hal_tim.c.obj
                0x0800116a                HAL_TIM_PWM_PulseFinishedCallback
 .text.HAL_TIM_PWM_PulseFinishedHalfCpltCallback
                0x0800117e       0x14 cmake/stm32cubemx/CMakeFiles/STM32_Drivers.dir/__/__/Drivers/STM32F4xx_HAL_Driver/Src/stm32f4xx_hal_tim.c.obj
                0x0800117e                HAL_TIM_PWM_PulseFinishedHalfCpltCallback
 .text.HAL_TIM_ErrorCallback
                0x08001192       0x14 cmake/stm32cubemx/CMakeFiles/STM32_Drivers.dir/__/__/Drivers/STM32F4xx_HAL_Driver/Src/stm32f4xx_hal_tim.c.obj
                0x08001192                HAL_TIM_ErrorCallback
 .text.TIM_DMAError
                0x080011a6       0x92 cmake/stm32cubemx/CMakeFiles/STM32_Drivers.dir/__/__/Drivers/STM32F4xx_HAL_Driver/Src/stm32f4xx_hal_tim.c.obj
                0x080011a6                TIM_DMAError
 .text.TIM_DMADelayPulseCplt
                0x08001238       0xa8 cmake/stm32cubemx/CMakeFiles/STM32_Drivers.dir/__/__/Drivers/STM32F4xx_HAL_Driver/Src/stm32f4xx_hal_tim.c.obj
 .text.TIM_DMADelayPulseHalfCplt
                0x080012e0       0x68 cmake/stm32cubemx/CMakeFiles/STM32_Drivers.dir/__/__/Drivers/STM32F4xx_HAL_Driver/Src/stm32f4xx_hal_tim.c.obj
                0x080012e0                TIM_DMADelayPulseHalfCplt
 .text.TIM_Base_SetConfig
                0x08001348      0x10c cmake/stm32cubemx/CMakeFiles/STM32_Drivers.dir/__/__/Drivers/STM32F4xx_HAL_Driver/Src/stm32f4xx_hal_tim.c.obj
                0x08001348                TIM_Base_SetConfig
 .text.TIM_OC1_SetConfig
                0x08001454       0xcc cmake/stm32cubemx/CMakeFiles/STM32_Drivers.dir/__/__/Drivers/STM32F4xx_HAL_Driver/Src/stm32f4xx_hal_tim.c.obj
 .text.TIM_OC2_SetConfig
                0x08001520       0xd8 cmake/stm32cubemx/CMakeFiles/STM32_Drivers.dir/__/__/Drivers/STM32F4xx_HAL_Driver/Src/stm32f4xx_hal_tim.c.obj
                0x08001520                TIM_OC2_SetConfig
 .text.TIM_OC3_SetConfig
                0x080015f8       0xd4 cmake/stm32cubemx/CMakeFiles/STM32_Drivers.dir/__/__/Drivers/STM32F4xx_HAL_Driver/Src/stm32f4xx_hal_tim.c.obj
 .text.TIM_OC4_SetConfig
                0x080016cc       0xa0 cmake/stm32cubemx/CMakeFiles/STM32_Drivers.dir/__/__/Drivers/STM32F4xx_HAL_Driver/Src/stm32f4xx_hal_tim.c.obj
 .text.TIM_TI1_ConfigInputStage
                0x0800176c       0x5e cmake/stm32cubemx/CMakeFiles/STM32_Drivers.dir/__/__/Drivers/STM32F4xx_HAL_Driver/Src/stm32f4xx_hal_tim.c.obj
 .text.TIM_TI2_ConfigInputStage
                0x080017ca       0x60 cmake/stm32cubemx/CMakeFiles/STM32_Drivers.dir/__/__/Drivers/STM32F4xx_HAL_Driver/Src/stm32f4xx_hal_tim.c.obj
 .text.TIM_ITRx_SetConfig
                0x0800182a       0x36 cmake/stm32cubemx/CMakeFiles/STM32_Drivers.dir/__/__/Drivers/STM32F4xx_HAL_Driver/Src/stm32f4xx_hal_tim.c.obj
 .text.TIM_ETR_SetConfig
                0x08001860       0x40 cmake/stm32cubemx/CMakeFiles/STM32_Drivers.dir/__/__/Drivers/STM32F4xx_HAL_Driver/Src/stm32f4xx_hal_tim.c.obj
                0x08001860                TIM_ETR_SetConfig
 .text.TIM_CCxChannelCmd
                0x080018a0       0x4a cmake/stm32cubemx/CMakeFiles/STM32_Drivers.dir/__/__/Drivers/STM32F4xx_HAL_Driver/Src/stm32f4xx_hal_tim.c.obj
                0x080018a0                TIM_CCxChannelCmd
 *fill*         0x080018ea        0x2 
 .text.HAL_TIMEx_MasterConfigSynchronization
                0x080018ec       0xdc cmake/stm32cubemx/CMakeFiles/STM32_Drivers.dir/__/__/Drivers/STM32F4xx_HAL_Driver/Src/stm32f4xx_hal_tim_ex.c.obj
                0x080018ec                HAL_TIMEx_MasterConfigSynchronization
 .text.HAL_RCC_OscConfig
                0x080019c8      0x4f0 cmake/stm32cubemx/CMakeFiles/STM32_Drivers.dir/__/__/Drivers/STM32F4xx_HAL_Driver/Src/stm32f4xx_hal_rcc.c.obj
                0x080019c8                HAL_RCC_OscConfig
 .text.HAL_RCC_ClockConfig
                0x08001eb8      0x1cc cmake/stm32cubemx/CMakeFiles/STM32_Drivers.dir/__/__/Drivers/STM32F4xx_HAL_Driver/Src/stm32f4xx_hal_rcc.c.obj
                0x08001eb8                HAL_RCC_ClockConfig
 .text.HAL_RCC_GetSysClockFreq
                0x08002084      0x20c cmake/stm32cubemx/CMakeFiles/STM32_Drivers.dir/__/__/Drivers/STM32F4xx_HAL_Driver/Src/stm32f4xx_hal_rcc.c.obj
                0x08002084                HAL_RCC_GetSysClockFreq
 .text.HAL_RCC_GetHCLKFreq
                0x08002290       0x18 cmake/stm32cubemx/CMakeFiles/STM32_Drivers.dir/__/__/Drivers/STM32F4xx_HAL_Driver/Src/stm32f4xx_hal_rcc.c.obj
                0x08002290                HAL_RCC_GetHCLKFreq
 .text.HAL_RCC_GetPCLK1Freq
                0x080022a8       0x28 cmake/stm32cubemx/CMakeFiles/STM32_Drivers.dir/__/__/Drivers/STM32F4xx_HAL_Driver/Src/stm32f4xx_hal_rcc.c.obj
                0x080022a8                HAL_RCC_GetPCLK1Freq
 .text.HAL_RCC_GetPCLK2Freq
                0x080022d0       0x28 cmake/stm32cubemx/CMakeFiles/STM32_Drivers.dir/__/__/Drivers/STM32F4xx_HAL_Driver/Src/stm32f4xx_hal_rcc.c.obj
                0x080022d0                HAL_RCC_GetPCLK2Freq
 .text.HAL_GPIO_Init
                0x080022f8      0x308 cmake/stm32cubemx/CMakeFiles/STM32_Drivers.dir/__/__/Drivers/STM32F4xx_HAL_Driver/Src/stm32f4xx_hal_gpio.c.obj
                0x080022f8                HAL_GPIO_Init
 .text.HAL_GPIO_WritePin
                0x08002600       0x32 cmake/stm32cubemx/CMakeFiles/STM32_Drivers.dir/__/__/Drivers/STM32F4xx_HAL_Driver/Src/stm32f4xx_hal_gpio.c.obj
                0x08002600                HAL_GPIO_WritePin
 *fill*         0x08002632        0x2 
 .text.HAL_DMA_Init
                0x08002634      0x15c cmake/stm32cubemx/CMakeFiles/STM32_Drivers.dir/__/__/Drivers/STM32F4xx_HAL_Driver/Src/stm32f4xx_hal_dma.c.obj
                0x08002634                HAL_DMA_Init
 .text.HAL_DMA_Start_IT
                0x08002790       0xb0 cmake/stm32cubemx/CMakeFiles/STM32_Drivers.dir/__/__/Drivers/STM32F4xx_HAL_Driver/Src/stm32f4xx_hal_dma.c.obj
                0x08002790                HAL_DMA_Start_IT
 .text.HAL_DMA_Abort_IT
                0x08002840       0x44 cmake/stm32cubemx/CMakeFiles/STM32_Drivers.dir/__/__/Drivers/STM32F4xx_HAL_Driver/Src/stm32f4xx_hal_dma.c.obj
                0x08002840                HAL_DMA_Abort_IT
 .text.HAL_DMA_IRQHandler
                0x08002884      0x314 cmake/stm32cubemx/CMakeFiles/STM32_Drivers.dir/__/__/Drivers/STM32F4xx_HAL_Driver/Src/stm32f4xx_hal_dma.c.obj
                0x08002884                HAL_DMA_IRQHandler
 .text.DMA_SetConfig
                0x08002b98       0x5c cmake/stm32cubemx/CMakeFiles/STM32_Drivers.dir/__/__/Drivers/STM32F4xx_HAL_Driver/Src/stm32f4xx_hal_dma.c.obj
 .text.DMA_CalcBaseAndBitshift
                0x08002bf4       0x6c cmake/stm32cubemx/CMakeFiles/STM32_Drivers.dir/__/__/Drivers/STM32F4xx_HAL_Driver/Src/stm32f4xx_hal_dma.c.obj
 .text.DMA_CheckFifoParam
                0x08002c60       0xf8 cmake/stm32cubemx/CMakeFiles/STM32_Drivers.dir/__/__/Drivers/STM32F4xx_HAL_Driver/Src/stm32f4xx_hal_dma.c.obj
 .text.__NVIC_SetPriorityGrouping
                0x08002d58       0x48 cmake/stm32cubemx/CMakeFiles/STM32_Drivers.dir/__/__/Drivers/STM32F4xx_HAL_Driver/Src/stm32f4xx_hal_cortex.c.obj
 .text.__NVIC_GetPriorityGrouping
                0x08002da0       0x1c cmake/stm32cubemx/CMakeFiles/STM32_Drivers.dir/__/__/Drivers/STM32F4xx_HAL_Driver/Src/stm32f4xx_hal_cortex.c.obj
 .text.__NVIC_EnableIRQ
                0x08002dbc       0x3c cmake/stm32cubemx/CMakeFiles/STM32_Drivers.dir/__/__/Drivers/STM32F4xx_HAL_Driver/Src/stm32f4xx_hal_cortex.c.obj
 .text.__NVIC_SetPriority
                0x08002df8       0x54 cmake/stm32cubemx/CMakeFiles/STM32_Drivers.dir/__/__/Drivers/STM32F4xx_HAL_Driver/Src/stm32f4xx_hal_cortex.c.obj
 .text.NVIC_EncodePriority
                0x08002e4c       0x66 cmake/stm32cubemx/CMakeFiles/STM32_Drivers.dir/__/__/Drivers/STM32F4xx_HAL_Driver/Src/stm32f4xx_hal_cortex.c.obj
 *fill*         0x08002eb2        0x2 
 .text.SysTick_Config
                0x08002eb4       0x44 cmake/stm32cubemx/CMakeFiles/STM32_Drivers.dir/__/__/Drivers/STM32F4xx_HAL_Driver/Src/stm32f4xx_hal_cortex.c.obj
 .text.HAL_NVIC_SetPriorityGrouping
                0x08002ef8       0x16 cmake/stm32cubemx/CMakeFiles/STM32_Drivers.dir/__/__/Drivers/STM32F4xx_HAL_Driver/Src/stm32f4xx_hal_cortex.c.obj
                0x08002ef8                HAL_NVIC_SetPriorityGrouping
 .text.HAL_NVIC_SetPriority
                0x08002f0e       0x38 cmake/stm32cubemx/CMakeFiles/STM32_Drivers.dir/__/__/Drivers/STM32F4xx_HAL_Driver/Src/stm32f4xx_hal_cortex.c.obj
                0x08002f0e                HAL_NVIC_SetPriority
 .text.HAL_NVIC_EnableIRQ
                0x08002f46       0x1c cmake/stm32cubemx/CMakeFiles/STM32_Drivers.dir/__/__/Drivers/STM32F4xx_HAL_Driver/Src/stm32f4xx_hal_cortex.c.obj
                0x08002f46                HAL_NVIC_EnableIRQ
 .text.HAL_SYSTICK_Config
                0x08002f62       0x18 cmake/stm32cubemx/CMakeFiles/STM32_Drivers.dir/__/__/Drivers/STM32F4xx_HAL_Driver/Src/stm32f4xx_hal_cortex.c.obj
                0x08002f62                HAL_SYSTICK_Config
 *fill*         0x08002f7a        0x2 
 .text.HAL_Init
                0x08002f7c       0x44 cmake/stm32cubemx/CMakeFiles/STM32_Drivers.dir/__/__/Drivers/STM32F4xx_HAL_Driver/Src/stm32f4xx_hal.c.obj
                0x08002f7c                HAL_Init
 .text.HAL_InitTick
                0x08002fc0       0x60 cmake/stm32cubemx/CMakeFiles/STM32_Drivers.dir/__/__/Drivers/STM32F4xx_HAL_Driver/Src/stm32f4xx_hal.c.obj
                0x08002fc0                HAL_InitTick
 .text.HAL_IncTick
                0x08003020       0x28 cmake/stm32cubemx/CMakeFiles/STM32_Drivers.dir/__/__/Drivers/STM32F4xx_HAL_Driver/Src/stm32f4xx_hal.c.obj
                0x08003020                HAL_IncTick
 .text.HAL_GetTick
                0x08003048       0x18 cmake/stm32cubemx/CMakeFiles/STM32_Drivers.dir/__/__/Drivers/STM32F4xx_HAL_Driver/Src/stm32f4xx_hal.c.obj
                0x08003048                HAL_GetTick
 .text.HAL_UART_Init
                0x08003060       0xa0 cmake/stm32cubemx/CMakeFiles/STM32_Drivers.dir/__/__/Drivers/STM32F4xx_HAL_Driver/Src/stm32f4xx_hal_uart.c.obj
                0x08003060                HAL_UART_Init
 .text.HAL_UART_Transmit
                0x08003100      0x116 cmake/stm32cubemx/CMakeFiles/STM32_Drivers.dir/__/__/Drivers/STM32F4xx_HAL_Driver/Src/stm32f4xx_hal_uart.c.obj
                0x08003100                HAL_UART_Transmit
 .text.HAL_UART_Receive
                0x08003216      0x12e cmake/stm32cubemx/CMakeFiles/STM32_Drivers.dir/__/__/Drivers/STM32F4xx_HAL_Driver/Src/stm32f4xx_hal_uart.c.obj
                0x08003216                HAL_UART_Receive
 .text.UART_WaitOnFlagUntilTimeout
                0x08003344       0xb2 cmake/stm32cubemx/CMakeFiles/STM32_Drivers.dir/__/__/Drivers/STM32F4xx_HAL_Driver/Src/stm32f4xx_hal_uart.c.obj
 .text.UART_EndRxTransfer
                0x080033f6       0xc6 cmake/stm32cubemx/CMakeFiles/STM32_Drivers.dir/__/__/Drivers/STM32F4xx_HAL_Driver/Src/stm32f4xx_hal_uart.c.obj
 .text.UART_SetConfig
                0x080034bc      0x4e8 cmake/stm32cubemx/CMakeFiles/STM32_Drivers.dir/__/__/Drivers/STM32F4xx_HAL_Driver/Src/stm32f4xx_hal_uart.c.obj
 .text.UART_SendString
                0x080039a4       0x28 CMakeFiles/F411_ESC_Test.dir/Core/Src/main.c.obj
 .text.ESC_ClampPulseUs
                0x080039cc       0x34 CMakeFiles/F411_ESC_Test.dir/Core/Src/main.c.obj
 .text.ESC_ApplyPulseUs
                0x08003a00       0x38 CMakeFiles/F411_ESC_Test.dir/Core/Src/main.c.obj
 .text.ESC_SetPulseUs
                0x08003a38       0x1a CMakeFiles/F411_ESC_Test.dir/Core/Src/main.c.obj
 *fill*         0x08003a52        0x2 
 .text.ESC_SetDutyPercent
                0x08003a54       0x50 CMakeFiles/F411_ESC_Test.dir/Core/Src/main.c.obj
 .text.ESC_SetState
                0x08003aa4       0x6c CMakeFiles/F411_ESC_Test.dir/Core/Src/main.c.obj
 .text.ESC_EmergencyStop
                0x08003b10       0x18 CMakeFiles/F411_ESC_Test.dir/Core/Src/main.c.obj
 .text.UART_NormalizeCommand
                0x08003b28       0x64 CMakeFiles/F411_ESC_Test.dir/Core/Src/main.c.obj
 .text.UART_SanitizeCommand
                0x08003b8c       0xa4 CMakeFiles/F411_ESC_Test.dir/Core/Src/main.c.obj
 .text.UART_TryParseUint16
                0x08003c30       0x4c CMakeFiles/F411_ESC_Test.dir/Core/Src/main.c.obj
 .text.DSHOT_CalcCRC
                0x08003c7c       0x4c CMakeFiles/F411_ESC_Test.dir/Core/Src/main.c.obj
 .text.DSHOT_PreparePacket
                0x08003cc8       0x6e CMakeFiles/F411_ESC_Test.dir/Core/Src/main.c.obj
 *fill*         0x08003d36        0x2 
 .text.DSHOT_PrepareBuffer
                0x08003d38       0x78 CMakeFiles/F411_ESC_Test.dir/Core/Src/main.c.obj
 .text.DSHOT_SetupTimer
                0x08003db0       0x38 CMakeFiles/F411_ESC_Test.dir/Core/Src/main.c.obj
 .text.DSHOT_ConfigureTimer
                0x08003de8      0x114 CMakeFiles/F411_ESC_Test.dir/Core/Src/main.c.obj
 .text.PWM_ConfigureTimer
                0x08003efc       0xbc CMakeFiles/F411_ESC_Test.dir/Core/Src/main.c.obj
 .text.DSHOT_SendCommand
                0x08003fb8       0x5c CMakeFiles/F411_ESC_Test.dir/Core/Src/main.c.obj
 .text.ESC_ProcessCommand
                0x08004014      0x720 CMakeFiles/F411_ESC_Test.dir/Core/Src/main.c.obj
 .text.UART_ProcessInput
                0x08004734       0xb4 CMakeFiles/F411_ESC_Test.dir/Core/Src/main.c.obj
 .text.main     0x080047e8       0xa4 CMakeFiles/F411_ESC_Test.dir/Core/Src/main.c.obj
                0x080047e8                main
 .text.SystemClock_Config
                0x0800488c       0xd0 CMakeFiles/F411_ESC_Test.dir/Core/Src/main.c.obj
                0x0800488c                SystemClock_Config
 .text.Error_Handler
                0x0800495c        0xc CMakeFiles/F411_ESC_Test.dir/Core/Src/main.c.obj
                0x0800495c                Error_Handler
 .text.MX_GPIO_Init
                0x08004968       0xdc CMakeFiles/F411_ESC_Test.dir/Core/Src/gpio.c.obj
                0x08004968                MX_GPIO_Init
 .text.MX_DMA_Init
                0x08004a44       0x40 CMakeFiles/F411_ESC_Test.dir/Core/Src/dma.c.obj
                0x08004a44                MX_DMA_Init
 .text.MX_TIM2_Init
                0x08004a84       0xe8 CMakeFiles/F411_ESC_Test.dir/Core/Src/tim.c.obj
                0x08004a84                MX_TIM2_Init
 .text.MX_TIM3_Init
                0x08004b6c       0xf0 CMakeFiles/F411_ESC_Test.dir/Core/Src/tim.c.obj
                0x08004b6c                MX_TIM3_Init
 .text.HAL_TIM_Base_MspInit
                0x08004c5c       0xd0 CMakeFiles/F411_ESC_Test.dir/Core/Src/tim.c.obj
                0x08004c5c                HAL_TIM_Base_MspInit
 .text.HAL_TIM_MspPostInit
                0x08004d2c       0xbc CMakeFiles/F411_ESC_Test.dir/Core/Src/tim.c.obj
                0x08004d2c                HAL_TIM_MspPostInit
 .text.MX_USART2_UART_Init
                0x08004de8       0x54 CMakeFiles/F411_ESC_Test.dir/Core/Src/usart.c.obj
                0x08004de8                MX_USART2_UART_Init
 .text.HAL_UART_MspInit
                0x08004e3c       0x90 CMakeFiles/F411_ESC_Test.dir/Core/Src/usart.c.obj
                0x08004e3c                HAL_UART_MspInit
 .text.NMI_Handler
                0x08004ecc        0x8 CMakeFiles/F411_ESC_Test.dir/Core/Src/stm32f4xx_it.c.obj
                0x08004ecc                NMI_Handler
 .text.HardFault_Handler
                0x08004ed4        0x8 CMakeFiles/F411_ESC_Test.dir/Core/Src/stm32f4xx_it.c.obj
                0x08004ed4                HardFault_Handler
 .text.MemManage_Handler
                0x08004edc        0x8 CMakeFiles/F411_ESC_Test.dir/Core/Src/stm32f4xx_it.c.obj
                0x08004edc                MemManage_Handler
 .text.BusFault_Handler
                0x08004ee4        0x8 CMakeFiles/F411_ESC_Test.dir/Core/Src/stm32f4xx_it.c.obj
                0x08004ee4                BusFault_Handler
 .text.UsageFault_Handler
                0x08004eec        0x8 CMakeFiles/F411_ESC_Test.dir/Core/Src/stm32f4xx_it.c.obj
                0x08004eec                UsageFault_Handler
 .text.SVC_Handler
                0x08004ef4        0xe CMakeFiles/F411_ESC_Test.dir/Core/Src/stm32f4xx_it.c.obj
                0x08004ef4                SVC_Handler
 .text.DebugMon_Handler
                0x08004f02        0xe CMakeFiles/F411_ESC_Test.dir/Core/Src/stm32f4xx_it.c.obj
                0x08004f02                DebugMon_Handler
 .text.PendSV_Handler
                0x08004f10        0xe CMakeFiles/F411_ESC_Test.dir/Core/Src/stm32f4xx_it.c.obj
                0x08004f10                PendSV_Handler
 .text.SysTick_Handler
                0x08004f1e        0xc CMakeFiles/F411_ESC_Test.dir/Core/Src/stm32f4xx_it.c.obj
                0x08004f1e                SysTick_Handler
 *fill*         0x08004f2a        0x2 
 .text.DMA1_Stream5_IRQHandler
                0x08004f2c       0x14 CMakeFiles/F411_ESC_Test.dir/Core/Src/stm32f4xx_it.c.obj
                0x08004f2c                DMA1_Stream5_IRQHandler
 .text.HAL_MspInit
                0x08004f40       0x50 CMakeFiles/F411_ESC_Test.dir/Core/Src/stm32f4xx_hal_msp.c.obj
                0x08004f40                HAL_MspInit
 .text._sbrk    0x08004f90       0x6c CMakeFiles/F411_ESC_Test.dir/Core/Src/sysmem.c.obj
                0x08004f90                _sbrk
 .text.Reset_Handler
                0x08004ffc       0x50 CMakeFiles/F411_ESC_Test.dir/startup_stm32f411xe.s.obj
                0x08004ffc                Reset_Handler
 .text.Default_Handler
                0x0800504c        0x2 CMakeFiles/F411_ESC_Test.dir/startup_stm32f411xe.s.obj
                0x0800504c                RTC_Alarm_IRQHandler
                0x0800504c                EXTI2_IRQHandler
                0x0800504c                SPI4_IRQHandler
                0x0800504c                TIM1_CC_IRQHandler
                0x0800504c                DMA2_Stream5_IRQHandler
                0x0800504c                PVD_IRQHandler
                0x0800504c                SDIO_IRQHandler
                0x0800504c                TAMP_STAMP_IRQHandler
                0x0800504c                EXTI3_IRQHandler
                0x0800504c                TIM1_UP_TIM10_IRQHandler
                0x0800504c                I2C3_ER_IRQHandler
                0x0800504c                EXTI0_IRQHandler
                0x0800504c                I2C2_EV_IRQHandler
                0x0800504c                DMA1_Stream2_IRQHandler
                0x0800504c                FPU_IRQHandler
                0x0800504c                DMA2_Stream2_IRQHandler
                0x0800504c                SPI1_IRQHandler
                0x0800504c                TIM1_BRK_TIM9_IRQHandler
                0x0800504c                DMA2_Stream3_IRQHandler
                0x0800504c                USART6_IRQHandler
                0x0800504c                DMA2_Stream0_IRQHandler
                0x0800504c                TIM4_IRQHandler
                0x0800504c                I2C1_EV_IRQHandler
                0x0800504c                DMA1_Stream6_IRQHandler
                0x0800504c                DMA1_Stream1_IRQHandler
                0x0800504c                TIM3_IRQHandler
                0x0800504c                RCC_IRQHandler
                0x0800504c                Default_Handler
                0x0800504c                EXTI15_10_IRQHandler
                0x0800504c                ADC_IRQHandler
                0x0800504c                DMA1_Stream7_IRQHandler
                0x0800504c                SPI5_IRQHandler
                0x0800504c                TIM5_IRQHandler
                0x0800504c                DMA2_Stream7_IRQHandler
                0x0800504c                I2C3_EV_IRQHandler
                0x0800504c                EXTI9_5_IRQHandler
                0x0800504c                RTC_WKUP_IRQHandler
                0x0800504c                SPI2_IRQHandler
                0x0800504c                DMA1_Stream0_IRQHandler
                0x0800504c                EXTI4_IRQHandler
                0x0800504c                WWDG_IRQHandler
                0x0800504c                TIM2_IRQHandler
                0x0800504c                OTG_FS_WKUP_IRQHandler
                0x0800504c                TIM1_TRG_COM_TIM11_IRQHandler
                0x0800504c                EXTI1_IRQHandler
                0x0800504c                USART2_IRQHandler
                0x0800504c                I2C2_ER_IRQHandler
                0x0800504c                DMA2_Stream1_IRQHandler
                0x0800504c                FLASH_IRQHandler
                0x0800504c                DMA2_Stream4_IRQHandler
                0x0800504c                USART1_IRQHandler
                0x0800504c                OTG_FS_IRQHandler
                0x0800504c                SPI3_IRQHandler
                0x0800504c                DMA1_Stream4_IRQHandler
                0x0800504c                I2C1_ER_IRQHandler
                0x0800504c                DMA2_Stream6_IRQHandler
                0x0800504c                DMA1_Stream3_IRQHandler
 *fill*         0x0800504e        0x2 
 .text._strtoul_l.isra.0
                0x08005050       0xdc C:/Users/marlonwu/AppData/Local/stm32cube/bundles/gnu-tools-for-stm32/14.3.1+st.2/bin/../lib/gcc/arm-none-eabi/14.3.1/../../../../arm-none-eabi/lib/thumb/v7e-m+fp/hard\libg_nano.a(libc_a-strtoul.o)
 .text.strtoul  0x0800512c       0x14 C:/Users/marlonwu/AppData/Local/stm32cube/bundles/gnu-tools-for-stm32/14.3.1+st.2/bin/../lib/gcc/arm-none-eabi/14.3.1/../../../../arm-none-eabi/lib/thumb/v7e-m+fp/hard\libg_nano.a(libc_a-strtoul.o)
                0x0800512c                strtoul
 .text.sprintf  0x08005140       0x44 C:/Users/marlonwu/AppData/Local/stm32cube/bundles/gnu-tools-for-stm32/14.3.1+st.2/bin/../lib/gcc/arm-none-eabi/14.3.1/../../../../arm-none-eabi/lib/thumb/v7e-m+fp/hard\libg_nano.a(libc_a-sprintf.o)
                0x08005140                siprintf
                0x08005140                sprintf
 .text.memset   0x08005184       0x10 C:/Users/marlonwu/AppData/Local/stm32cube/bundles/gnu-tools-for-stm32/14.3.1+st.2/bin/../lib/gcc/arm-none-eabi/14.3.1/../../../../arm-none-eabi/lib/thumb/v7e-m+fp/hard\libg_nano.a(libc_a-memset.o)
                0x08005184                memset
 .text.strncmp  0x08005194       0x24 C:/Users/marlonwu/AppData/Local/stm32cube/bundles/gnu-tools-for-stm32/14.3.1+st.2/bin/../lib/gcc/arm-none-eabi/14.3.1/../../../../arm-none-eabi/lib/thumb/v7e-m+fp/hard\libg_nano.a(libc_a-strncmp.o)
                0x08005194                strncmp
 .text.__errno  0x080051b8        0xc C:/Users/marlonwu/AppData/Local/stm32cube/bundles/gnu-tools-for-stm32/14.3.1+st.2/bin/../lib/gcc/arm-none-eabi/14.3.1/../../../../arm-none-eabi/lib/thumb/v7e-m+fp/hard\libg_nano.a(libc_a-errno.o)
                0x080051b8                __errno
 .text.__libc_init_array
                0x080051c4       0x48 C:/Users/marlonwu/AppData/Local/stm32cube/bundles/gnu-tools-for-stm32/14.3.1+st.2/bin/../lib/gcc/arm-none-eabi/14.3.1/../../../../arm-none-eabi/lib/thumb/v7e-m+fp/hard\libg_nano.a(libc_a-init.o)
                0x080051c4                __libc_init_array
 .text.__retarget_lock_acquire_recursive
                0x0800520c        0x2 C:/Users/marlonwu/AppData/Local/stm32cube/bundles/gnu-tools-for-stm32/14.3.1+st.2/bin/../lib/gcc/arm-none-eabi/14.3.1/../../../../arm-none-eabi/lib/thumb/v7e-m+fp/hard\libg_nano.a(libc_a-lock.o)
                0x0800520c                __retarget_lock_acquire_recursive
 .text.__retarget_lock_release_recursive
                0x0800520e        0x2 C:/Users/marlonwu/AppData/Local/stm32cube/bundles/gnu-tools-for-stm32/14.3.1+st.2/bin/../lib/gcc/arm-none-eabi/14.3.1/../../../../arm-none-eabi/lib/thumb/v7e-m+fp/hard\libg_nano.a(libc_a-lock.o)
                0x0800520e                __retarget_lock_release_recursive
 .text._free_r  0x08005210       0x94 C:/Users/marlonwu/AppData/Local/stm32cube/bundles/gnu-tools-for-stm32/14.3.1+st.2/bin/../lib/gcc/arm-none-eabi/14.3.1/../../../../arm-none-eabi/lib/thumb/v7e-m+fp/hard\libg_nano.a(libc_a-freer.o)
                0x08005210                _free_r
 .text.sbrk_aligned
                0x080052a4       0x44 C:/Users/marlonwu/AppData/Local/stm32cube/bundles/gnu-tools-for-stm32/14.3.1+st.2/bin/../lib/gcc/arm-none-eabi/14.3.1/../../../../arm-none-eabi/lib/thumb/v7e-m+fp/hard\libg_nano.a(libc_a-mallocr.o)
 .text._malloc_r
                0x080052e8      0x100 C:/Users/marlonwu/AppData/Local/stm32cube/bundles/gnu-tools-for-stm32/14.3.1+st.2/bin/../lib/gcc/arm-none-eabi/14.3.1/../../../../arm-none-eabi/lib/thumb/v7e-m+fp/hard\libg_nano.a(libc_a-mallocr.o)
                0x080052e8                _malloc_r
 .text.__malloc_lock
                0x080053e8        0xc C:/Users/marlonwu/AppData/Local/stm32cube/bundles/gnu-tools-for-stm32/14.3.1+st.2/bin/../lib/gcc/arm-none-eabi/14.3.1/../../../../arm-none-eabi/lib/thumb/v7e-m+fp/hard\libg_nano.a(libc_a-mlock.o)
                0x080053e8                __malloc_lock
 .text.__malloc_unlock
                0x080053f4        0xc C:/Users/marlonwu/AppData/Local/stm32cube/bundles/gnu-tools-for-stm32/14.3.1+st.2/bin/../lib/gcc/arm-none-eabi/14.3.1/../../../../arm-none-eabi/lib/thumb/v7e-m+fp/hard\libg_nano.a(libc_a-mlock.o)
                0x080053f4                __malloc_unlock
 .text.__ssputs_r
                0x08005400       0xc0 C:/Users/marlonwu/AppData/Local/stm32cube/bundles/gnu-tools-for-stm32/14.3.1+st.2/bin/../lib/gcc/arm-none-eabi/14.3.1/../../../../arm-none-eabi/lib/thumb/v7e-m+fp/hard\libg_nano.a(libc_a-nano-svfprintf.o)
                0x08005400                __ssputs_r
 .text._svfprintf_r
                0x080054c0      0x1f0 C:/Users/marlonwu/AppData/Local/stm32cube/bundles/gnu-tools-for-stm32/14.3.1+st.2/bin/../lib/gcc/arm-none-eabi/14.3.1/../../../../arm-none-eabi/lib/thumb/v7e-m+fp/hard\libg_nano.a(libc_a-nano-svfprintf.o)
                0x080054c0                _svfiprintf_r
                0x080054c0                _svfprintf_r
 .text._printf_common
                0x080056b0       0xda C:/Users/marlonwu/AppData/Local/stm32cube/bundles/gnu-tools-for-stm32/14.3.1+st.2/bin/../lib/gcc/arm-none-eabi/14.3.1/../../../../arm-none-eabi/lib/thumb/v7e-m+fp/hard\libg_nano.a(libc_a-nano-vfprintf_i.o)
                0x080056b0                _printf_common
 *fill*         0x0800578a        0x2 
 .text._printf_i
                0x0800578c      0x24c C:/Users/marlonwu/AppData/Local/stm32cube/bundles/gnu-tools-for-stm32/14.3.1+st.2/bin/../lib/gcc/arm-none-eabi/14.3.1/../../../../arm-none-eabi/lib/thumb/v7e-m+fp/hard\libg_nano.a(libc_a-nano-vfprintf_i.o)
                0x0800578c                _printf_i
 .text.memmove  0x080059d8       0x32 C:/Users/marlonwu/AppData/Local/stm32cube/bundles/gnu-tools-for-stm32/14.3.1+st.2/bin/../lib/gcc/arm-none-eabi/14.3.1/../../../../arm-none-eabi/lib/thumb/v7e-m+fp/hard\libg_nano.a(libc_a-memmove.o)
                0x080059d8                memmove
 *fill*         0x08005a0a        0x2 
 .text._sbrk_r  0x08005a0c       0x20 C:/Users/marlonwu/AppData/Local/stm32cube/bundles/gnu-tools-for-stm32/14.3.1+st.2/bin/../lib/gcc/arm-none-eabi/14.3.1/../../../../arm-none-eabi/lib/thumb/v7e-m+fp/hard\libg_nano.a(libc_a-sbrkr.o)
                0x08005a0c                _sbrk_r
 .text.memcpy   0x08005a2c       0x1c C:/Users/marlonwu/AppData/Local/stm32cube/bundles/gnu-tools-for-stm32/14.3.1+st.2/bin/../lib/gcc/arm-none-eabi/14.3.1/../../../../arm-none-eabi/lib/thumb/v7e-m+fp/hard\libg_nano.a(libc_a-memcpy-stub.o)
                0x08005a2c                memcpy
 .text._realloc_r
                0x08005a48       0x5c C:/Users/marlonwu/AppData/Local/stm32cube/bundles/gnu-tools-for-stm32/14.3.1+st.2/bin/../lib/gcc/arm-none-eabi/14.3.1/../../../../arm-none-eabi/lib/thumb/v7e-m+fp/hard\libg_nano.a(libc_a-reallocr.o)
                0x08005a48                _realloc_r
 .text._malloc_usable_size_r
                0x08005aa4       0x10 C:/Users/marlonwu/AppData/Local/stm32cube/bundles/gnu-tools-for-stm32/14.3.1+st.2/bin/../lib/gcc/arm-none-eabi/14.3.1/../../../../arm-none-eabi/lib/thumb/v7e-m+fp/hard\libg_nano.a(libc_a-msizer.o)
                0x08005aa4                _malloc_usable_size_r
 *(.glue_7)
 .glue_7        0x08005ab4        0x0 linker stubs
 *(.glue_7t)
 .glue_7t       0x08005ab4        0x0 linker stubs
 *(.eh_frame)
 .eh_frame      0x08005ab4        0x0 C:/Users/marlonwu/AppData/Local/stm32cube/bundles/gnu-tools-for-stm32/14.3.1+st.2/bin/../lib/gcc/arm-none-eabi/14.3.1/thumb/v7e-m+fp/hard/crtbegin.o
 *(.init)
 .init          0x08005ab4        0x4 C:/Users/marlonwu/AppData/Local/stm32cube/bundles/gnu-tools-for-stm32/14.3.1+st.2/bin/../lib/gcc/arm-none-eabi/14.3.1/thumb/v7e-m+fp/hard/crti.o
                0x08005ab4                _init
 .init          0x08005ab8        0x8 C:/Users/marlonwu/AppData/Local/stm32cube/bundles/gnu-tools-for-stm32/14.3.1+st.2/bin/../lib/gcc/arm-none-eabi/14.3.1/thumb/v7e-m+fp/hard/crtn.o
 *(.fini)
 .fini          0x08005ac0        0x4 C:/Users/marlonwu/AppData/Local/stm32cube/bundles/gnu-tools-for-stm32/14.3.1+st.2/bin/../lib/gcc/arm-none-eabi/14.3.1/thumb/v7e-m+fp/hard/crti.o
                0x08005ac0                _fini
 .fini          0x08005ac4        0x8 C:/Users/marlonwu/AppData/Local/stm32cube/bundles/gnu-tools-for-stm32/14.3.1+st.2/bin/../lib/gcc/arm-none-eabi/14.3.1/thumb/v7e-m+fp/hard/crtn.o
                0x08005acc                        . = ALIGN (0x4)
                0x08005acc                        _etext = .

.vfp11_veneer   0x08005acc        0x0
 .vfp11_veneer  0x08005acc        0x0 linker stubs

.v4_bx          0x08005acc        0x0
 .v4_bx         0x08005acc        0x0 linker stubs

.iplt           0x08005acc        0x0
 .iplt          0x08005acc        0x0 C:/Users/marlonwu/AppData/Local/stm32cube/bundles/gnu-tools-for-stm32/14.3.1+st.2/bin/../lib/gcc/arm-none-eabi/14.3.1/thumb/v7e-m+fp/hard/crtbegin.o

.rodata         0x08005acc      0x764
                0x08005acc                        . = ALIGN (0x4)
 *(.rodata)
 .rodata        0x08005acc      0x60d CMakeFiles/F411_ESC_Test.dir/Core/Src/main.c.obj
 *(.rodata*)
 *fill*         0x080060d9        0x3 
 .rodata.AHBPrescTable
                0x080060dc       0x10 cmake/stm32cubemx/CMakeFiles/STM32_Drivers.dir/__/__/Core/Src/system_stm32f4xx.c.obj
                0x080060dc                AHBPrescTable
 .rodata.APBPrescTable
                0x080060ec        0x8 cmake/stm32cubemx/CMakeFiles/STM32_Drivers.dir/__/__/Core/Src/system_stm32f4xx.c.obj
                0x080060ec                APBPrescTable
 .rodata.flagBitshiftOffset.0
                0x080060f4        0x8 cmake/stm32cubemx/CMakeFiles/STM32_Drivers.dir/__/__/Drivers/STM32F4xx_HAL_Driver/Src/stm32f4xx_hal_dma.c.obj
 .rodata._ctype_
                0x080060fc      0x101 C:/Users/marlonwu/AppData/Local/stm32cube/bundles/gnu-tools-for-stm32/14.3.1+st.2/bin/../lib/gcc/arm-none-eabi/14.3.1/../../../../arm-none-eabi/lib/thumb/v7e-m+fp/hard\libg_nano.a(libc_a-ctype_.o)
                0x080060fc                _ctype_
 .rodata._svfprintf_r.str1.1
                0x080061fd       0x33 C:/Users/marlonwu/AppData/Local/stm32cube/bundles/gnu-tools-for-stm32/14.3.1+st.2/bin/../lib/gcc/arm-none-eabi/14.3.1/../../../../arm-none-eabi/lib/thumb/v7e-m+fp/hard\libg_nano.a(libc_a-nano-svfprintf.o)
                                 0x11 (size before relaxing)
 .rodata._printf_i.str1.1
                0x08006230       0x22 C:/Users/marlonwu/AppData/Local/stm32cube/bundles/gnu-tools-for-stm32/14.3.1+st.2/bin/../lib/gcc/arm-none-eabi/14.3.1/../../../../arm-none-eabi/lib/thumb/v7e-m+fp/hard\libg_nano.a(libc_a-nano-vfprintf_i.o)
                0x08006254                        . = ALIGN (0x4)

.ARM.extab      0x08006230        0x0
                0x08006230                        . = ALIGN (0x4)
 *(.ARM.extab* .gnu.linkonce.armextab.*)
                0x08006230                        . = ALIGN (0x4)

.ARM            0x08006230        0x8
                0x08006230                        . = ALIGN (0x4)
                0x08006230                        __exidx_start = .
 *(.ARM.exidx*)
 .ARM.exidx     0x08006230        0x8 C:/Users/marlonwu/AppData/Local/stm32cube/bundles/gnu-tools-for-stm32/14.3.1+st.2/bin/../lib/gcc/arm-none-eabi/14.3.1/thumb/v7e-m+fp/hard\libgcc.a(_udivmoddi4.o)
 .ARM.exidx     0x08006238        0x0 C:/Users/marlonwu/AppData/Local/stm32cube/bundles/gnu-tools-for-stm32/14.3.1+st.2/bin/../lib/gcc/arm-none-eabi/14.3.1/../../../../arm-none-eabi/lib/thumb/v7e-m+fp/hard\libg_nano.a(libc_a-strcmp.o)
                                  0x8 (size before relaxing)
 .ARM.exidx     0x08006238        0x0 C:/Users/marlonwu/AppData/Local/stm32cube/bundles/gnu-tools-for-stm32/14.3.1+st.2/bin/../lib/gcc/arm-none-eabi/14.3.1/../../../../arm-none-eabi/lib/thumb/v7e-m+fp/hard\libg_nano.a(libc_a-strlen.o)
                                  0x8 (size before relaxing)
 .ARM.exidx     0x08006238        0x0 C:/Users/marlonwu/AppData/Local/stm32cube/bundles/gnu-tools-for-stm32/14.3.1+st.2/bin/../lib/gcc/arm-none-eabi/14.3.1/../../../../arm-none-eabi/lib/thumb/v7e-m+fp/hard\libg_nano.a(libc_a-memchr.o)
                                  0x8 (size before relaxing)
                0x08006238                        __exidx_end = .
                0x08006238                        . = ALIGN (0x4)

.preinit_array  0x08006238        0x0
                0x08006238                        . = ALIGN (0x4)
                0x08006238                        PROVIDE (__preinit_array_start = .)
 *(.preinit_array*)
                0x08006238                        PROVIDE (__preinit_array_end = .)
                0x08006238                        . = ALIGN (0x4)

.init_array     0x08006238        0x4
                0x08006238                        . = ALIGN (0x4)
                0x08006238                        PROVIDE (__init_array_start = .)
 *(SORT_BY_NAME(.init_array.*))
 *(.init_array*)
 .init_array    0x08006238        0x4 C:/Users/marlonwu/AppData/Local/stm32cube/bundles/gnu-tools-for-stm32/14.3.1+st.2/bin/../lib/gcc/arm-none-eabi/14.3.1/thumb/v7e-m+fp/hard/crtbegin.o
                0x0800623c                        PROVIDE (__init_array_end = .)
                0x0800623c                        . = ALIGN (0x4)

.fini_array     0x0800623c        0x4
                0x0800623c                        . = ALIGN (0x4)
                [!provide]                        PROVIDE (__fini_array_start = .)
 *(SORT_BY_NAME(.fini_array.*))
 *(.fini_array*)
 .fini_array    0x0800623c        0x4 C:/Users/marlonwu/AppData/Local/stm32cube/bundles/gnu-tools-for-stm32/14.3.1+st.2/bin/../lib/gcc/arm-none-eabi/14.3.1/thumb/v7e-m+fp/hard/crtbegin.o
                [!provide]                        PROVIDE (__fini_array_end = .)
                0x08006240                        . = ALIGN (0x4)
                0x08006240                        _sidata = LOADADDR (.data)

.rel.dyn        0x08006240        0x0
 .rel.iplt      0x08006240        0x0 C:/Users/marlonwu/AppData/Local/stm32cube/bundles/gnu-tools-for-stm32/14.3.1+st.2/bin/../lib/gcc/arm-none-eabi/14.3.1/thumb/v7e-m+fp/hard/crtbegin.o

.data           0x20000000       0x60 load address 0x08006240
                0x20000000                        . = ALIGN (0x4)
                0x20000000                        _sdata = .
 *(.data)
 *(.data*)
 .data.SystemCoreClock
                0x20000000        0x4 cmake/stm32cubemx/CMakeFiles/STM32_Drivers.dir/__/__/Core/Src/system_stm32f4xx.c.obj
                0x20000000                SystemCoreClock
 .data.uwTickPrio
                0x20000004        0x4 cmake/stm32cubemx/CMakeFiles/STM32_Drivers.dir/__/__/Drivers/STM32F4xx_HAL_Driver/Src/stm32f4xx_hal.c.obj
                0x20000004                uwTickPrio
 .data.uwTickFreq
                0x20000008        0x1 cmake/stm32cubemx/CMakeFiles/STM32_Drivers.dir/__/__/Drivers/STM32F4xx_HAL_Driver/Src/stm32f4xx_hal.c.obj
                0x20000008                uwTickFreq
 *fill*         0x20000009        0x1 
 .data.g_escPulseUs
                0x2000000a        0x2 CMakeFiles/F411_ESC_Test.dir/Core/Src/main.c.obj
 .data.g_dshotRate
                0x2000000c        0x1 CMakeFiles/F411_ESC_Test.dir/Core/Src/main.c.obj
 *fill*         0x2000000d        0x3 
 .data._impure_ptr
                0x20000010        0x4 C:/Users/marlonwu/AppData/Local/stm32cube/bundles/gnu-tools-for-stm32/14.3.1+st.2/bin/../lib/gcc/arm-none-eabi/14.3.1/../../../../arm-none-eabi/lib/thumb/v7e-m+fp/hard\libg_nano.a(libc_a-impure.o)
                0x20000010                _impure_ptr
 .data._impure_data
                0x20000014       0x4c C:/Users/marlonwu/AppData/Local/stm32cube/bundles/gnu-tools-for-stm32/14.3.1+st.2/bin/../lib/gcc/arm-none-eabi/14.3.1/../../../../arm-none-eabi/lib/thumb/v7e-m+fp/hard\libg_nano.a(libc_a-impure.o)
                0x20000014                _impure_data
 *(.RamFunc)
 *(.RamFunc*)
                0x20000060                        . = ALIGN (0x4)

.igot.plt       0x20000060        0x0 load address 0x080062a0
 .igot.plt      0x20000060        0x0 C:/Users/marlonwu/AppData/Local/stm32cube/bundles/gnu-tools-for-stm32/14.3.1+st.2/bin/../lib/gcc/arm-none-eabi/14.3.1/thumb/v7e-m+fp/hard/crtbegin.o

.tdata          0x20000060        0x0 load address 0x080062a0
 *(.tdata .tdata.* .gnu.linkonce.td.*)
                0x20000060                        . = ALIGN (0x4)
                0x20000060                        _edata = .
                [!provide]                        PROVIDE (__data_end = .)
                [!provide]                        PROVIDE (__tdata_end = .)
                [!provide]                        PROVIDE (__tdata_start = ADDR (.tdata))
                [!provide]                        PROVIDE (__tdata_size = (__tdata_end - __tdata_start))
                [!provide]                        PROVIDE (__data_start = ADDR (.data))
                [!provide]                        PROVIDE (__data_size = (__data_end - __data_start))
                [!provide]                        PROVIDE (__tdata_source = LOADADDR (.tdata))
                [!provide]                        PROVIDE (__tdata_source_end = (LOADADDR (.tdata) + SIZEOF (.tdata)))
                [!provide]                        PROVIDE (__tdata_source_size = (__tdata_source_end - __tdata_source))
                [!provide]                        PROVIDE (__data_source = LOADADDR (.data))
                [!provide]                        PROVIDE (__data_source_end = __tdata_source_end)
                [!provide]                        PROVIDE (__data_source_size = (__data_source_end - __data_source))

.tbss           0x20000060        0x0 load address 0x080062a0
                0x20000060                        _sbss = .
                0x20000060                        __bss_start__ = _sbss
 *(.tbss .tbss.*)
                0x20000060                        . = ALIGN (0x4)
                [!provide]                        PROVIDE (__tbss_end = .)
                [!provide]                        PROVIDE (__tbss_start = ADDR (.tbss))
                [!provide]                        PROVIDE (__tbss_size = (__tbss_end - __tbss_start))
                [!provide]                        PROVIDE (__tbss_offset = (ADDR (.tbss) - ADDR (.tdata)))
                [!provide]                        PROVIDE (__tls_base = __tdata_start)
                [!provide]                        PROVIDE (__tls_end = __tbss_end)
                [!provide]                        PROVIDE (__tls_size = (__tls_end - __tls_base))
                [!provide]                        PROVIDE (__tls_align = MAX (ALIGNOF (.tdata), ALIGNOF (.tbss)))
                [!provide]                        PROVIDE (__tls_size_align = (((__tls_size + __tls_align) - 0x1) & ~ ((__tls_align - 0x1))))
                [!provide]                        PROVIDE (__arm32_tls_tcb_offset = MAX (0x8, __tls_align))
                [!provide]                        PROVIDE (__arm64_tls_tcb_offset = MAX (0x10, __tls_align))

.bss            0x20000060      0x2f8 load address 0x080062a0
 *(.bss)
 .bss           0x20000060       0x1c C:/Users/marlonwu/AppData/Local/stm32cube/bundles/gnu-tools-for-stm32/14.3.1+st.2/bin/../lib/gcc/arm-none-eabi/14.3.1/thumb/v7e-m+fp/hard/crtbegin.o
 *(.bss*)
 .bss.uwTick    0x2000007c        0x4 cmake/stm32cubemx/CMakeFiles/STM32_Drivers.dir/__/__/Drivers/STM32F4xx_HAL_Driver/Src/stm32f4xx_hal.c.obj
                0x2000007c                uwTick
 .bss.g_uartCmdBuffer
                0x20000080       0x20 CMakeFiles/F411_ESC_Test.dir/Core/Src/main.c.obj
 .bss.g_uartCmdIndex
                0x200000a0        0x1 CMakeFiles/F411_ESC_Test.dir/Core/Src/main.c.obj
 .bss.g_escState
                0x200000a1        0x1 CMakeFiles/F411_ESC_Test.dir/Core/Src/main.c.obj
 .bss.g_escMode
                0x200000a2        0x1 CMakeFiles/F411_ESC_Test.dir/Core/Src/main.c.obj
 *fill*         0x200000a3        0x1 
 .bss.g_dshotThrottle
                0x200000a4        0x2 CMakeFiles/F411_ESC_Test.dir/Core/Src/main.c.obj
 *fill*         0x200000a6        0x2 
 .bss.g_dshotDMABuffer
                0x200000a8       0x24 CMakeFiles/F411_ESC_Test.dir/Core/Src/main.c.obj
 .bss.g_dshotConfigured
                0x200000cc        0x1 CMakeFiles/F411_ESC_Test.dir/Core/Src/main.c.obj
 *fill*         0x200000cd        0x1 
 .bss.g_dshotT0H
                0x200000ce        0x2 CMakeFiles/F411_ESC_Test.dir/Core/Src/main.c.obj
 .bss.g_dshotT1H
                0x200000d0        0x2 CMakeFiles/F411_ESC_Test.dir/Core/Src/main.c.obj
 *fill*         0x200000d2        0x2 
 .bss.htim2     0x200000d4       0x48 CMakeFiles/F411_ESC_Test.dir/Core/Src/tim.c.obj
                0x200000d4                htim2
 .bss.htim3     0x2000011c       0x48 CMakeFiles/F411_ESC_Test.dir/Core/Src/tim.c.obj
                0x2000011c                htim3
 .bss.hdma_tim2_ch1
                0x20000164       0x60 CMakeFiles/F411_ESC_Test.dir/Core/Src/tim.c.obj
                0x20000164                hdma_tim2_ch1
 .bss.huart2    0x200001c4       0x48 CMakeFiles/F411_ESC_Test.dir/Core/Src/usart.c.obj
                0x200001c4                huart2
 .bss.__sbrk_heap_end
                0x2000020c        0x4 CMakeFiles/F411_ESC_Test.dir/Core/Src/sysmem.c.obj
 .bss.__sf      0x20000210      0x138 C:/Users/marlonwu/AppData/Local/stm32cube/bundles/gnu-tools-for-stm32/14.3.1+st.2/bin/../lib/gcc/arm-none-eabi/14.3.1/../../../../arm-none-eabi/lib/thumb/v7e-m+fp/hard\libg_nano.a(libc_a-findfp.o)
                0x20000210                __sf
 .bss.errno     0x20000348        0x4 C:/Users/marlonwu/AppData/Local/stm32cube/bundles/gnu-tools-for-stm32/14.3.1+st.2/bin/../lib/gcc/arm-none-eabi/14.3.1/../../../../arm-none-eabi/lib/thumb/v7e-m+fp/hard\libg_nano.a(libc_a-reent.o)
                0x20000348                errno
 .bss.__lock___malloc_recursive_mutex
                0x2000034c        0x1 C:/Users/marlonwu/AppData/Local/stm32cube/bundles/gnu-tools-for-stm32/14.3.1+st.2/bin/../lib/gcc/arm-none-eabi/14.3.1/../../../../arm-none-eabi/lib/thumb/v7e-m+fp/hard\libg_nano.a(libc_a-lock.o)
                0x2000034c                __lock___malloc_recursive_mutex
 *fill*         0x2000034d        0x3 
 .bss.__malloc_sbrk_start
                0x20000350        0x4 C:/Users/marlonwu/AppData/Local/stm32cube/bundles/gnu-tools-for-stm32/14.3.1+st.2/bin/../lib/gcc/arm-none-eabi/14.3.1/../../../../arm-none-eabi/lib/thumb/v7e-m+fp/hard\libg_nano.a(libc_a-mallocr.o)
                0x20000350                __malloc_sbrk_start
 .bss.__malloc_free_list
                0x20000354        0x4 C:/Users/marlonwu/AppData/Local/stm32cube/bundles/gnu-tools-for-stm32/14.3.1+st.2/bin/../lib/gcc/arm-none-eabi/14.3.1/../../../../arm-none-eabi/lib/thumb/v7e-m+fp/hard\libg_nano.a(libc_a-mallocr.o)
                0x20000354                __malloc_free_list
 *(COMMON)
                0x20000358                        . = ALIGN (0x4)
                0x20000358                        _ebss = .
                0x20000358                        __bss_end__ = _ebss
                [!provide]                        PROVIDE (__bss_end = .)
                [!provide]                        PROVIDE (__non_tls_bss_start = ADDR (.bss))
                [!provide]                        PROVIDE (__bss_start = __tbss_start)
                [!provide]                        PROVIDE (__bss_size = (__bss_end - __bss_start))

._user_heap_stack
                0x20000358      0x600 load address 0x080062a0
                0x20000358                        . = ALIGN (0x8)
                [!provide]                        PROVIDE (end = .)
                0x20000358                        PROVIDE (_end = .)
                0x20000558                        . = (. + _Min_Heap_Size)
 *fill*         0x20000358      0x200 
                0x20000958                        . = (. + _Min_Stack_Size)
 *fill*         0x20000558      0x400 
                0x20000958                        . = ALIGN (0x8)

/DISCARD/
 libc.a:*(*)
 libm.a:*(*)
 libgcc.a:*(*)
OUTPUT(F411_ESC_Test.elf elf32-littlearm)
LOAD linker stubs

.ARM.attributes
                0x00000000       0x30
 .ARM.attributes
                0x00000000       0x22 C:/Users/marlonwu/AppData/Local/stm32cube/bundles/gnu-tools-for-stm32/14.3.1+st.2/bin/../lib/gcc/arm-none-eabi/14.3.1/thumb/v7e-m+fp/hard/crti.o
 .ARM.attributes
                0x00000022       0x34 C:/Users/marlonwu/AppData/Local/stm32cube/bundles/gnu-tools-for-stm32/14.3.1+st.2/bin/../lib/gcc/arm-none-eabi/14.3.1/thumb/v7e-m+fp/hard/crtbegin.o
 .ARM.attributes
                0x00000056       0x34 cmake/stm32cubemx/CMakeFiles/STM32_Drivers.dir/__/__/Core/Src/system_stm32f4xx.c.obj
 .ARM.attributes
                0x0000008a       0x34 cmake/stm32cubemx/CMakeFiles/STM32_Drivers.dir/__/__/Drivers/STM32F4xx_HAL_Driver/Src/stm32f4xx_hal_tim.c.obj
 .ARM.attributes
                0x000000be       0x34 cmake/stm32cubemx/CMakeFiles/STM32_Drivers.dir/__/__/Drivers/STM32F4xx_HAL_Driver/Src/stm32f4xx_hal_tim_ex.c.obj
 .ARM.attributes
                0x000000f2       0x34 cmake/stm32cubemx/CMakeFiles/STM32_Drivers.dir/__/__/Drivers/STM32F4xx_HAL_Driver/Src/stm32f4xx_hal_rcc.c.obj
 .ARM.attributes
                0x00000126       0x34 cmake/stm32cubemx/CMakeFiles/STM32_Drivers.dir/__/__/Drivers/STM32F4xx_HAL_Driver/Src/stm32f4xx_hal_gpio.c.obj
 .ARM.attributes
                0x0000015a       0x34 cmake/stm32cubemx/CMakeFiles/STM32_Drivers.dir/__/__/Drivers/STM32F4xx_HAL_Driver/Src/stm32f4xx_hal_dma.c.obj
 .ARM.attributes
                0x0000018e       0x34 cmake/stm32cubemx/CMakeFiles/STM32_Drivers.dir/__/__/Drivers/STM32F4xx_HAL_Driver/Src/stm32f4xx_hal_cortex.c.obj
 .ARM.attributes
                0x000001c2       0x34 cmake/stm32cubemx/CMakeFiles/STM32_Drivers.dir/__/__/Drivers/STM32F4xx_HAL_Driver/Src/stm32f4xx_hal.c.obj
 .ARM.attributes
                0x000001f6       0x34 cmake/stm32cubemx/CMakeFiles/STM32_Drivers.dir/__/__/Drivers/STM32F4xx_HAL_Driver/Src/stm32f4xx_hal_uart.c.obj
 .ARM.attributes
                0x0000022a       0x34 CMakeFiles/F411_ESC_Test.dir/Core/Src/main.c.obj
 .ARM.attributes
                0x0000025e       0x34 CMakeFiles/F411_ESC_Test.dir/Core/Src/gpio.c.obj
 .ARM.attributes
                0x00000292       0x34 CMakeFiles/F411_ESC_Test.dir/Core/Src/dma.c.obj
 .ARM.attributes
                0x000002c6       0x34 CMakeFiles/F411_ESC_Test.dir/Core/Src/tim.c.obj
 .ARM.attributes
                0x000002fa       0x34 CMakeFiles/F411_ESC_Test.dir/Core/Src/usart.c.obj
 .ARM.attributes
                0x0000032e       0x34 CMakeFiles/F411_ESC_Test.dir/Core/Src/stm32f4xx_it.c.obj
 .ARM.attributes
                0x00000362       0x34 CMakeFiles/F411_ESC_Test.dir/Core/Src/stm32f4xx_hal_msp.c.obj
 .ARM.attributes
                0x00000396       0x34 CMakeFiles/F411_ESC_Test.dir/Core/Src/sysmem.c.obj
 .ARM.attributes
                0x000003ca       0x21 CMakeFiles/F411_ESC_Test.dir/startup_stm32f411xe.s.obj
 .ARM.attributes
                0x000003eb       0x22 C:/Users/marlonwu/AppData/Local/stm32cube/bundles/gnu-tools-for-stm32/14.3.1+st.2/bin/../lib/gcc/arm-none-eabi/14.3.1/thumb/v7e-m+fp/hard\libgcc.a(_aeabi_uldivmod.o)
 .ARM.attributes
                0x0000040d       0x34 C:/Users/marlonwu/AppData/Local/stm32cube/bundles/gnu-tools-for-stm32/14.3.1+st.2/bin/../lib/gcc/arm-none-eabi/14.3.1/thumb/v7e-m+fp/hard\libgcc.a(_udivmoddi4.o)
 .ARM.attributes
                0x00000441       0x22 C:/Users/marlonwu/AppData/Local/stm32cube/bundles/gnu-tools-for-stm32/14.3.1+st.2/bin/../lib/gcc/arm-none-eabi/14.3.1/thumb/v7e-m+fp/hard\libgcc.a(_dvmd_tls.o)
 .ARM.attributes
                0x00000463       0x34 C:/Users/marlonwu/AppData/Local/stm32cube/bundles/gnu-tools-for-stm32/14.3.1+st.2/bin/../lib/gcc/arm-none-eabi/14.3.1/../../../../arm-none-eabi/lib/thumb/v7e-m+fp/hard\libg_nano.a(libc_a-strtoul.o)
 .ARM.attributes
                0x00000497       0x34 C:/Users/marlonwu/AppData/Local/stm32cube/bundles/gnu-tools-for-stm32/14.3.1+st.2/bin/../lib/gcc/arm-none-eabi/14.3.1/../../../../arm-none-eabi/lib/thumb/v7e-m+fp/hard\libg_nano.a(libc_a-ctype_.o)
 .ARM.attributes
                0x000004cb       0x34 C:/Users/marlonwu/AppData/Local/stm32cube/bundles/gnu-tools-for-stm32/14.3.1+st.2/bin/../lib/gcc/arm-none-eabi/14.3.1/../../../../arm-none-eabi/lib/thumb/v7e-m+fp/hard\libg_nano.a(libc_a-findfp.o)
 .ARM.attributes
                0x000004ff       0x34 C:/Users/marlonwu/AppData/Local/stm32cube/bundles/gnu-tools-for-stm32/14.3.1+st.2/bin/../lib/gcc/arm-none-eabi/14.3.1/../../../../arm-none-eabi/lib/thumb/v7e-m+fp/hard\libg_nano.a(libc_a-sprintf.o)
 .ARM.attributes
                0x00000533       0x34 C:/Users/marlonwu/AppData/Local/stm32cube/bundles/gnu-tools-for-stm32/14.3.1+st.2/bin/../lib/gcc/arm-none-eabi/14.3.1/../../../../arm-none-eabi/lib/thumb/v7e-m+fp/hard\libg_nano.a(libc_a-memset.o)
 .ARM.attributes
                0x00000567       0x34 C:/Users/marlonwu/AppData/Local/stm32cube/bundles/gnu-tools-for-stm32/14.3.1+st.2/bin/../lib/gcc/arm-none-eabi/14.3.1/../../../../arm-none-eabi/lib/thumb/v7e-m+fp/hard\libg_nano.a(libc_a-strncmp.o)
 .ARM.attributes
                0x0000059b       0x34 C:/Users/marlonwu/AppData/Local/stm32cube/bundles/gnu-tools-for-stm32/14.3.1+st.2/bin/../lib/gcc/arm-none-eabi/14.3.1/../../../../arm-none-eabi/lib/thumb/v7e-m+fp/hard\libg_nano.a(libc_a-reent.o)
 .ARM.attributes
                0x000005cf       0x34 C:/Users/marlonwu/AppData/Local/stm32cube/bundles/gnu-tools-for-stm32/14.3.1+st.2/bin/../lib/gcc/arm-none-eabi/14.3.1/../../../../arm-none-eabi/lib/thumb/v7e-m+fp/hard\libg_nano.a(libc_a-impure.o)
 .ARM.attributes
                0x00000603       0x34 C:/Users/marlonwu/AppData/Local/stm32cube/bundles/gnu-tools-for-stm32/14.3.1+st.2/bin/../lib/gcc/arm-none-eabi/14.3.1/../../../../arm-none-eabi/lib/thumb/v7e-m+fp/hard\libg_nano.a(libc_a-errno.o)
 .ARM.attributes
                0x00000637       0x34 C:/Users/marlonwu/AppData/Local/stm32cube/bundles/gnu-tools-for-stm32/14.3.1+st.2/bin/../lib/gcc/arm-none-eabi/14.3.1/../../../../arm-none-eabi/lib/thumb/v7e-m+fp/hard\libg_nano.a(libc_a-init.o)
 .ARM.attributes
                0x0000066b       0x34 C:/Users/marlonwu/AppData/Local/stm32cube/bundles/gnu-tools-for-stm32/14.3.1+st.2/bin/../lib/gcc/arm-none-eabi/14.3.1/../../../../arm-none-eabi/lib/thumb/v7e-m+fp/hard\libg_nano.a(libc_a-lock.o)
 .ARM.attributes
                0x0000069f       0x20 C:/Users/marlonwu/AppData/Local/stm32cube/bundles/gnu-tools-for-stm32/14.3.1+st.2/bin/../lib/gcc/arm-none-eabi/14.3.1/../../../../arm-none-eabi/lib/thumb/v7e-m+fp/hard\libg_nano.a(libc_a-strcmp.o)
 .ARM.attributes
                0x000006bf       0x17 C:/Users/marlonwu/AppData/Local/stm32cube/bundles/gnu-tools-for-stm32/14.3.1+st.2/bin/../lib/gcc/arm-none-eabi/14.3.1/../../../../arm-none-eabi/lib/thumb/v7e-m+fp/hard\libg_nano.a(libc_a-strlen.o)
 .ARM.attributes
                0x000006d6       0x34 C:/Users/marlonwu/AppData/Local/stm32cube/bundles/gnu-tools-for-stm32/14.3.1+st.2/bin/../lib/gcc/arm-none-eabi/14.3.1/../../../../arm-none-eabi/lib/thumb/v7e-m+fp/hard\libg_nano.a(libc_a-freer.o)
 .ARM.attributes
                0x0000070a       0x34 C:/Users/marlonwu/AppData/Local/stm32cube/bundles/gnu-tools-for-stm32/14.3.1+st.2/bin/../lib/gcc/arm-none-eabi/14.3.1/../../../../arm-none-eabi/lib/thumb/v7e-m+fp/hard\libg_nano.a(libc_a-mallocr.o)
 .ARM.attributes
                0x0000073e       0x34 C:/Users/marlonwu/AppData/Local/stm32cube/bundles/gnu-tools-for-stm32/14.3.1+st.2/bin/../lib/gcc/arm-none-eabi/14.3.1/../../../../arm-none-eabi/lib/thumb/v7e-m+fp/hard\libg_nano.a(libc_a-mlock.o)
 .ARM.attributes
                0x00000772       0x34 C:/Users/marlonwu/AppData/Local/stm32cube/bundles/gnu-tools-for-stm32/14.3.1+st.2/bin/../lib/gcc/arm-none-eabi/14.3.1/../../../../arm-none-eabi/lib/thumb/v7e-m+fp/hard\libg_nano.a(libc_a-nano-svfprintf.o)
 .ARM.attributes
                0x000007a6       0x34 C:/Users/marlonwu/AppData/Local/stm32cube/bundles/gnu-tools-for-stm32/14.3.1+st.2/bin/../lib/gcc/arm-none-eabi/14.3.1/../../../../arm-none-eabi/lib/thumb/v7e-m+fp/hard\libg_nano.a(libc_a-nano-vfprintf_i.o)
 .ARM.attributes
                0x000007da       0x34 C:/Users/marlonwu/AppData/Local/stm32cube/bundles/gnu-tools-for-stm32/14.3.1+st.2/bin/../lib/gcc/arm-none-eabi/14.3.1/../../../../arm-none-eabi/lib/thumb/v7e-m+fp/hard\libg_nano.a(libc_a-memmove.o)
 .ARM.attributes
                0x0000080e       0x34 C:/Users/marlonwu/AppData/Local/stm32cube/bundles/gnu-tools-for-stm32/14.3.1+st.2/bin/../lib/gcc/arm-none-eabi/14.3.1/../../../../arm-none-eabi/lib/thumb/v7e-m+fp/hard\libg_nano.a(libc_a-sbrkr.o)
 .ARM.attributes
                0x00000842       0x1c C:/Users/marlonwu/AppData/Local/stm32cube/bundles/gnu-tools-for-stm32/14.3.1+st.2/bin/../lib/gcc/arm-none-eabi/14.3.1/../../../../arm-none-eabi/lib/thumb/v7e-m+fp/hard\libg_nano.a(libc_a-memchr.o)
 .ARM.attributes
                0x0000085e       0x34 C:/Users/marlonwu/AppData/Local/stm32cube/bundles/gnu-tools-for-stm32/14.3.1+st.2/bin/../lib/gcc/arm-none-eabi/14.3.1/../../../../arm-none-eabi/lib/thumb/v7e-m+fp/hard\libg_nano.a(libc_a-memcpy-stub.o)
 .ARM.attributes
                0x00000892       0x34 C:/Users/marlonwu/AppData/Local/stm32cube/bundles/gnu-tools-for-stm32/14.3.1+st.2/bin/../lib/gcc/arm-none-eabi/14.3.1/../../../../arm-none-eabi/lib/thumb/v7e-m+fp/hard\libg_nano.a(libc_a-reallocr.o)
 .ARM.attributes
                0x000008c6       0x34 C:/Users/marlonwu/AppData/Local/stm32cube/bundles/gnu-tools-for-stm32/14.3.1+st.2/bin/../lib/gcc/arm-none-eabi/14.3.1/../../../../arm-none-eabi/lib/thumb/v7e-m+fp/hard\libg_nano.a(libc_a-msizer.o)
 .ARM.attributes
                0x000008fa       0x22 C:/Users/marlonwu/AppData/Local/stm32cube/bundles/gnu-tools-for-stm32/14.3.1+st.2/bin/../lib/gcc/arm-none-eabi/14.3.1/thumb/v7e-m+fp/hard/crtn.o

.comment        0x00000000       0x43
 .comment       0x00000000       0x43 cmake/stm32cubemx/CMakeFiles/STM32_Drivers.dir/__/__/Core/Src/system_stm32f4xx.c.obj
                                 0x44 (size before relaxing)
 .comment       0x00000043       0x44 cmake/stm32cubemx/CMakeFiles/STM32_Drivers.dir/__/__/Drivers/STM32F4xx_HAL_Driver/Src/stm32f4xx_hal_tim.c.obj
 .comment       0x00000043       0x44 cmake/stm32cubemx/CMakeFiles/STM32_Drivers.dir/__/__/Drivers/STM32F4xx_HAL_Driver/Src/stm32f4xx_hal_tim_ex.c.obj
 .comment       0x00000043       0x44 cmake/stm32cubemx/CMakeFiles/STM32_Drivers.dir/__/__/Drivers/STM32F4xx_HAL_Driver/Src/stm32f4xx_hal_rcc.c.obj
 .comment       0x00000043       0x44 cmake/stm32cubemx/CMakeFiles/STM32_Drivers.dir/__/__/Drivers/STM32F4xx_HAL_Driver/Src/stm32f4xx_hal_gpio.c.obj
 .comment       0x00000043       0x44 cmake/stm32cubemx/CMakeFiles/STM32_Drivers.dir/__/__/Drivers/STM32F4xx_HAL_Driver/Src/stm32f4xx_hal_dma.c.obj
 .comment       0x00000043       0x44 cmake/stm32cubemx/CMakeFiles/STM32_Drivers.dir/__/__/Drivers/STM32F4xx_HAL_Driver/Src/stm32f4xx_hal_cortex.c.obj
 .comment       0x00000043       0x44 cmake/stm32cubemx/CMakeFiles/STM32_Drivers.dir/__/__/Drivers/STM32F4xx_HAL_Driver/Src/stm32f4xx_hal.c.obj
 .comment       0x00000043       0x44 cmake/stm32cubemx/CMakeFiles/STM32_Drivers.dir/__/__/Drivers/STM32F4xx_HAL_Driver/Src/stm32f4xx_hal_uart.c.obj
 .comment       0x00000043       0x44 CMakeFiles/F411_ESC_Test.dir/Core/Src/main.c.obj
 .comment       0x00000043       0x44 CMakeFiles/F411_ESC_Test.dir/Core/Src/gpio.c.obj
 .comment       0x00000043       0x44 CMakeFiles/F411_ESC_Test.dir/Core/Src/dma.c.obj
 .comment       0x00000043       0x44 CMakeFiles/F411_ESC_Test.dir/Core/Src/tim.c.obj
 .comment       0x00000043       0x44 CMakeFiles/F411_ESC_Test.dir/Core/Src/usart.c.obj
 .comment       0x00000043       0x44 CMakeFiles/F411_ESC_Test.dir/Core/Src/stm32f4xx_it.c.obj
 .comment       0x00000043       0x44 CMakeFiles/F411_ESC_Test.dir/Core/Src/stm32f4xx_hal_msp.c.obj
 .comment       0x00000043       0x44 CMakeFiles/F411_ESC_Test.dir/Core/Src/sysmem.c.obj
 .comment       0x00000043       0x44 C:/Users/marlonwu/AppData/Local/stm32cube/bundles/gnu-tools-for-stm32/14.3.1+st.2/bin/../lib/gcc/arm-none-eabi/14.3.1/../../../../arm-none-eabi/lib/thumb/v7e-m+fp/hard\libg_nano.a(libc_a-strtoul.o)
 .comment       0x00000043       0x44 C:/Users/marlonwu/AppData/Local/stm32cube/bundles/gnu-tools-for-stm32/14.3.1+st.2/bin/../lib/gcc/arm-none-eabi/14.3.1/../../../../arm-none-eabi/lib/thumb/v7e-m+fp/hard\libg_nano.a(libc_a-ctype_.o)
 .comment       0x00000043       0x44 C:/Users/marlonwu/AppData/Local/stm32cube/bundles/gnu-tools-for-stm32/14.3.1+st.2/bin/../lib/gcc/arm-none-eabi/14.3.1/../../../../arm-none-eabi/lib/thumb/v7e-m+fp/hard\libg_nano.a(libc_a-findfp.o)
 .comment       0x00000043       0x44 C:/Users/marlonwu/AppData/Local/stm32cube/bundles/gnu-tools-for-stm32/14.3.1+st.2/bin/../lib/gcc/arm-none-eabi/14.3.1/../../../../arm-none-eabi/lib/thumb/v7e-m+fp/hard\libg_nano.a(libc_a-sprintf.o)
 .comment       0x00000043       0x44 C:/Users/marlonwu/AppData/Local/stm32cube/bundles/gnu-tools-for-stm32/14.3.1+st.2/bin/../lib/gcc/arm-none-eabi/14.3.1/../../../../arm-none-eabi/lib/thumb/v7e-m+fp/hard\libg_nano.a(libc_a-memset.o)
 .comment       0x00000043       0x44 C:/Users/marlonwu/AppData/Local/stm32cube/bundles/gnu-tools-for-stm32/14.3.1+st.2/bin/../lib/gcc/arm-none-eabi/14.3.1/../../../../arm-none-eabi/lib/thumb/v7e-m+fp/hard\libg_nano.a(libc_a-strncmp.o)
 .comment       0x00000043       0x44 C:/Users/marlonwu/AppData/Local/stm32cube/bundles/gnu-tools-for-stm32/14.3.1+st.2/bin/../lib/gcc/arm-none-eabi/14.3.1/../../../../arm-none-eabi/lib/thumb/v7e-m+fp/hard\libg_nano.a(libc_a-reent.o)
 .comment       0x00000043       0x44 C:/Users/marlonwu/AppData/Local/stm32cube/bundles/gnu-tools-for-stm32/14.3.1+st.2/bin/../lib/gcc/arm-none-eabi/14.3.1/../../../../arm-none-eabi/lib/thumb/v7e-m+fp/hard\libg_nano.a(libc_a-impure.o)
 .comment       0x00000043       0x44 C:/Users/marlonwu/AppData/Local/stm32cube/bundles/gnu-tools-for-stm32/14.3.1+st.2/bin/../lib/gcc/arm-none-eabi/14.3.1/../../../../arm-none-eabi/lib/thumb/v7e-m+fp/hard\libg_nano.a(libc_a-errno.o)
 .comment       0x00000043       0x44 C:/Users/marlonwu/AppData/Local/stm32cube/bundles/gnu-tools-for-stm32/14.3.1+st.2/bin/../lib/gcc/arm-none-eabi/14.3.1/../../../../arm-none-eabi/lib/thumb/v7e-m+fp/hard\libg_nano.a(libc_a-init.o)
 .comment       0x00000043       0x44 C:/Users/marlonwu/AppData/Local/stm32cube/bundles/gnu-tools-for-stm32/14.3.1+st.2/bin/../lib/gcc/arm-none-eabi/14.3.1/../../../../arm-none-eabi/lib/thumb/v7e-m+fp/hard\libg_nano.a(libc_a-lock.o)
 .comment       0x00000043       0x44 C:/Users/marlonwu/AppData/Local/stm32cube/bundles/gnu-tools-for-stm32/14.3.1+st.2/bin/../lib/gcc/arm-none-eabi/14.3.1/../../../../arm-none-eabi/lib/thumb/v7e-m+fp/hard\libg_nano.a(libc_a-freer.o)
 .comment       0x00000043       0x44 C:/Users/marlonwu/AppData/Local/stm32cube/bundles/gnu-tools-for-stm32/14.3.1+st.2/bin/../lib/gcc/arm-none-eabi/14.3.1/../../../../arm-none-eabi/lib/thumb/v7e-m+fp/hard\libg_nano.a(libc_a-mallocr.o)
 .comment       0x00000043       0x44 C:/Users/marlonwu/AppData/Local/stm32cube/bundles/gnu-tools-for-stm32/14.3.1+st.2/bin/../lib/gcc/arm-none-eabi/14.3.1/../../../../arm-none-eabi/lib/thumb/v7e-m+fp/hard\libg_nano.a(libc_a-mlock.o)
 .comment       0x00000043       0x44 C:/Users/marlonwu/AppData/Local/stm32cube/bundles/gnu-tools-for-stm32/14.3.1+st.2/bin/../lib/gcc/arm-none-eabi/14.3.1/../../../../arm-none-eabi/lib/thumb/v7e-m+fp/hard\libg_nano.a(libc_a-nano-svfprintf.o)
 .comment       0x00000043       0x44 C:/Users/marlonwu/AppData/Local/stm32cube/bundles/gnu-tools-for-stm32/14.3.1+st.2/bin/../lib/gcc/arm-none-eabi/14.3.1/../../../../arm-none-eabi/lib/thumb/v7e-m+fp/hard\libg_nano.a(libc_a-nano-vfprintf_i.o)
 .comment       0x00000043       0x44 C:/Users/marlonwu/AppData/Local/stm32cube/bundles/gnu-tools-for-stm32/14.3.1+st.2/bin/../lib/gcc/arm-none-eabi/14.3.1/../../../../arm-none-eabi/lib/thumb/v7e-m+fp/hard\libg_nano.a(libc_a-memmove.o)
 .comment       0x00000043       0x44 C:/Users/marlonwu/AppData/Local/stm32cube/bundles/gnu-tools-for-stm32/14.3.1+st.2/bin/../lib/gcc/arm-none-eabi/14.3.1/../../../../arm-none-eabi/lib/thumb/v7e-m+fp/hard\libg_nano.a(libc_a-sbrkr.o)
 .comment       0x00000043       0x44 C:/Users/marlonwu/AppData/Local/stm32cube/bundles/gnu-tools-for-stm32/14.3.1+st.2/bin/../lib/gcc/arm-none-eabi/14.3.1/../../../../arm-none-eabi/lib/thumb/v7e-m+fp/hard\libg_nano.a(libc_a-memcpy-stub.o)
 .comment       0x00000043       0x44 C:/Users/marlonwu/AppData/Local/stm32cube/bundles/gnu-tools-for-stm32/14.3.1+st.2/bin/../lib/gcc/arm-none-eabi/14.3.1/../../../../arm-none-eabi/lib/thumb/v7e-m+fp/hard\libg_nano.a(libc_a-reallocr.o)
 .comment       0x00000043       0x44 C:/Users/marlonwu/AppData/Local/stm32cube/bundles/gnu-tools-for-stm32/14.3.1+st.2/bin/../lib/gcc/arm-none-eabi/14.3.1/../../../../arm-none-eabi/lib/thumb/v7e-m+fp/hard\libg_nano.a(libc_a-msizer.o)

.debug_info     0x00000000    0x172b8
 .debug_info    0x00000000      0x53e cmake/stm32cubemx/CMakeFiles/STM32_Drivers.dir/__/__/Core/Src/system_stm32f4xx.c.obj
 .debug_info    0x0000053e     0x2996 cmake/stm32cubemx/CMakeFiles/STM32_Drivers.dir/__/__/Drivers/STM32F4xx_HAL_Driver/Src/stm32f4xx_hal_tim.c.obj
 .debug_info    0x00002ed4     0x14d4 cmake/stm32cubemx/CMakeFiles/STM32_Drivers.dir/__/__/Drivers/STM32F4xx_HAL_Driver/Src/stm32f4xx_hal_tim_ex.c.obj
 .debug_info    0x000043a8      0x904 cmake/stm32cubemx/CMakeFiles/STM32_Drivers.dir/__/__/Drivers/STM32F4xx_HAL_Driver/Src/stm32f4xx_hal_rcc.c.obj
 .debug_info    0x00004cac      0x6f9 cmake/stm32cubemx/CMakeFiles/STM32_Drivers.dir/__/__/Drivers/STM32F4xx_HAL_Driver/Src/stm32f4xx_hal_gpio.c.obj
 .debug_info    0x000053a5      0x8e6 cmake/stm32cubemx/CMakeFiles/STM32_Drivers.dir/__/__/Drivers/STM32F4xx_HAL_Driver/Src/stm32f4xx_hal_dma.c.obj
 .debug_info    0x00005c8b      0xcfc cmake/stm32cubemx/CMakeFiles/STM32_Drivers.dir/__/__/Drivers/STM32F4xx_HAL_Driver/Src/stm32f4xx_hal_cortex.c.obj
 .debug_info    0x00006987      0x8c4 cmake/stm32cubemx/CMakeFiles/STM32_Drivers.dir/__/__/Drivers/STM32F4xx_HAL_Driver/Src/stm32f4xx_hal.c.obj
 .debug_info    0x0000724b     0x2f56 cmake/stm32cubemx/CMakeFiles/STM32_Drivers.dir/__/__/Drivers/STM32F4xx_HAL_Driver/Src/stm32f4xx_hal_uart.c.obj
 .debug_info    0x0000a1a1     0x166d CMakeFiles/F411_ESC_Test.dir/Core/Src/main.c.obj
 .debug_info    0x0000b80e      0x433 CMakeFiles/F411_ESC_Test.dir/Core/Src/gpio.c.obj
 .debug_info    0x0000bc41      0x445 CMakeFiles/F411_ESC_Test.dir/Core/Src/dma.c.obj
 .debug_info    0x0000c086      0xcd7 CMakeFiles/F411_ESC_Test.dir/Core/Src/tim.c.obj
 .debug_info    0x0000cd5d      0x94e CMakeFiles/F411_ESC_Test.dir/Core/Src/usart.c.obj
 .debug_info    0x0000d6ab      0x3bf CMakeFiles/F411_ESC_Test.dir/Core/Src/stm32f4xx_it.c.obj
 .debug_info    0x0000da6a      0x2a4 CMakeFiles/F411_ESC_Test.dir/Core/Src/stm32f4xx_hal_msp.c.obj
 .debug_info    0x0000dd0e      0x168 CMakeFiles/F411_ESC_Test.dir/Core/Src/sysmem.c.obj
 .debug_info    0x0000de76       0x30 CMakeFiles/F411_ESC_Test.dir/startup_stm32f411xe.s.obj
 .debug_info    0x0000dea6      0xce3 C:/Users/marlonwu/AppData/Local/stm32cube/bundles/gnu-tools-for-stm32/14.3.1+st.2/bin/../lib/gcc/arm-none-eabi/14.3.1/../../../../arm-none-eabi/lib/thumb/v7e-m+fp/hard\libg_nano.a(libc_a-strtoul.o)
 .debug_info    0x0000eb89       0xb9 C:/Users/marlonwu/AppData/Local/stm32cube/bundles/gnu-tools-for-stm32/14.3.1+st.2/bin/../lib/gcc/arm-none-eabi/14.3.1/../../../../arm-none-eabi/lib/thumb/v7e-m+fp/hard\libg_nano.a(libc_a-ctype_.o)
 .debug_info    0x0000ec42      0xfb8 C:/Users/marlonwu/AppData/Local/stm32cube/bundles/gnu-tools-for-stm32/14.3.1+st.2/bin/../lib/gcc/arm-none-eabi/14.3.1/../../../../arm-none-eabi/lib/thumb/v7e-m+fp/hard\libg_nano.a(libc_a-findfp.o)
 .debug_info    0x0000fbfa      0x885 C:/Users/marlonwu/AppData/Local/stm32cube/bundles/gnu-tools-for-stm32/14.3.1+st.2/bin/../lib/gcc/arm-none-eabi/14.3.1/../../../../arm-none-eabi/lib/thumb/v7e-m+fp/hard\libg_nano.a(libc_a-sprintf.o)
 .debug_info    0x0001047f       0xe0 C:/Users/marlonwu/AppData/Local/stm32cube/bundles/gnu-tools-for-stm32/14.3.1+st.2/bin/../lib/gcc/arm-none-eabi/14.3.1/../../../../arm-none-eabi/lib/thumb/v7e-m+fp/hard\libg_nano.a(libc_a-memset.o)
 .debug_info    0x0001055f       0xde C:/Users/marlonwu/AppData/Local/stm32cube/bundles/gnu-tools-for-stm32/14.3.1+st.2/bin/../lib/gcc/arm-none-eabi/14.3.1/../../../../arm-none-eabi/lib/thumb/v7e-m+fp/hard\libg_nano.a(libc_a-strncmp.o)
 .debug_info    0x0001063d      0x8a1 C:/Users/marlonwu/AppData/Local/stm32cube/bundles/gnu-tools-for-stm32/14.3.1+st.2/bin/../lib/gcc/arm-none-eabi/14.3.1/../../../../arm-none-eabi/lib/thumb/v7e-m+fp/hard\libg_nano.a(libc_a-reent.o)
 .debug_info    0x00010ede      0x715 C:/Users/marlonwu/AppData/Local/stm32cube/bundles/gnu-tools-for-stm32/14.3.1+st.2/bin/../lib/gcc/arm-none-eabi/14.3.1/../../../../arm-none-eabi/lib/thumb/v7e-m+fp/hard\libg_nano.a(libc_a-impure.o)
 .debug_info    0x000115f3      0x6fb C:/Users/marlonwu/AppData/Local/stm32cube/bundles/gnu-tools-for-stm32/14.3.1+st.2/bin/../lib/gcc/arm-none-eabi/14.3.1/../../../../arm-none-eabi/lib/thumb/v7e-m+fp/hard\libg_nano.a(libc_a-errno.o)
 .debug_info    0x00011cee      0x10b C:/Users/marlonwu/AppData/Local/stm32cube/bundles/gnu-tools-for-stm32/14.3.1+st.2/bin/../lib/gcc/arm-none-eabi/14.3.1/../../../../arm-none-eabi/lib/thumb/v7e-m+fp/hard\libg_nano.a(libc_a-init.o)
 .debug_info    0x00011df9      0x218 C:/Users/marlonwu/AppData/Local/stm32cube/bundles/gnu-tools-for-stm32/14.3.1+st.2/bin/../lib/gcc/arm-none-eabi/14.3.1/../../../../arm-none-eabi/lib/thumb/v7e-m+fp/hard\libg_nano.a(libc_a-lock.o)
 .debug_info    0x00012011       0x31 C:/Users/marlonwu/AppData/Local/stm32cube/bundles/gnu-tools-for-stm32/14.3.1+st.2/bin/../lib/gcc/arm-none-eabi/14.3.1/../../../../arm-none-eabi/lib/thumb/v7e-m+fp/hard\libg_nano.a(libc_a-strcmp.o)
 .debug_info    0x00012042       0x31 C:/Users/marlonwu/AppData/Local/stm32cube/bundles/gnu-tools-for-stm32/14.3.1+st.2/bin/../lib/gcc/arm-none-eabi/14.3.1/../../../../arm-none-eabi/lib/thumb/v7e-m+fp/hard\libg_nano.a(libc_a-strlen.o)
 .debug_info    0x00012073      0x851 C:/Users/marlonwu/AppData/Local/stm32cube/bundles/gnu-tools-for-stm32/14.3.1+st.2/bin/../lib/gcc/arm-none-eabi/14.3.1/../../../../arm-none-eabi/lib/thumb/v7e-m+fp/hard\libg_nano.a(libc_a-freer.o)
 .debug_info    0x000128c4      0x9bc C:/Users/marlonwu/AppData/Local/stm32cube/bundles/gnu-tools-for-stm32/14.3.1+st.2/bin/../lib/gcc/arm-none-eabi/14.3.1/../../../../arm-none-eabi/lib/thumb/v7e-m+fp/hard\libg_nano.a(libc_a-mallocr.o)
 .debug_info    0x00013280      0x76b C:/Users/marlonwu/AppData/Local/stm32cube/bundles/gnu-tools-for-stm32/14.3.1+st.2/bin/../lib/gcc/arm-none-eabi/14.3.1/../../../../arm-none-eabi/lib/thumb/v7e-m+fp/hard\libg_nano.a(libc_a-mlock.o)
 .debug_info    0x000139eb     0x10b3 C:/Users/marlonwu/AppData/Local/stm32cube/bundles/gnu-tools-for-stm32/14.3.1+st.2/bin/../lib/gcc/arm-none-eabi/14.3.1/../../../../arm-none-eabi/lib/thumb/v7e-m+fp/hard\libg_nano.a(libc_a-nano-svfprintf.o)
 .debug_info    0x00014a9e      0xde2 C:/Users/marlonwu/AppData/Local/stm32cube/bundles/gnu-tools-for-stm32/14.3.1+st.2/bin/../lib/gcc/arm-none-eabi/14.3.1/../../../../arm-none-eabi/lib/thumb/v7e-m+fp/hard\libg_nano.a(libc_a-nano-vfprintf_i.o)
 .debug_info    0x00015880      0x10f C:/Users/marlonwu/AppData/Local/stm32cube/bundles/gnu-tools-for-stm32/14.3.1+st.2/bin/../lib/gcc/arm-none-eabi/14.3.1/../../../../arm-none-eabi/lib/thumb/v7e-m+fp/hard\libg_nano.a(libc_a-memmove.o)
 .debug_info    0x0001598f      0x782 C:/Users/marlonwu/AppData/Local/stm32cube/bundles/gnu-tools-for-stm32/14.3.1+st.2/bin/../lib/gcc/arm-none-eabi/14.3.1/../../../../arm-none-eabi/lib/thumb/v7e-m+fp/hard\libg_nano.a(libc_a-sbrkr.o)
 .debug_info    0x00016111       0x25 C:/Users/marlonwu/AppData/Local/stm32cube/bundles/gnu-tools-for-stm32/14.3.1+st.2/bin/../lib/gcc/arm-none-eabi/14.3.1/../../../../arm-none-eabi/lib/thumb/v7e-m+fp/hard\libg_nano.a(libc_a-memchr.o)
 .debug_info    0x00016136      0x121 C:/Users/marlonwu/AppData/Local/stm32cube/bundles/gnu-tools-for-stm32/14.3.1+st.2/bin/../lib/gcc/arm-none-eabi/14.3.1/../../../../arm-none-eabi/lib/thumb/v7e-m+fp/hard\libg_nano.a(libc_a-memcpy-stub.o)
 .debug_info    0x00016257      0x8cd C:/Users/marlonwu/AppData/Local/stm32cube/bundles/gnu-tools-for-stm32/14.3.1+st.2/bin/../lib/gcc/arm-none-eabi/14.3.1/../../../../arm-none-eabi/lib/thumb/v7e-m+fp/hard\libg_nano.a(libc_a-reallocr.o)
 .debug_info    0x00016b24      0x794 C:/Users/marlonwu/AppData/Local/stm32cube/bundles/gnu-tools-for-stm32/14.3.1+st.2/bin/../lib/gcc/arm-none-eabi/14.3.1/../../../../arm-none-eabi/lib/thumb/v7e-m+fp/hard\libg_nano.a(libc_a-msizer.o)

.debug_abbrev   0x00000000     0x46f2
 .debug_abbrev  0x00000000      0x11a cmake/stm32cubemx/CMakeFiles/STM32_Drivers.dir/__/__/Core/Src/system_stm32f4xx.c.obj
 .debug_abbrev  0x0000011a      0x28b cmake/stm32cubemx/CMakeFiles/STM32_Drivers.dir/__/__/Drivers/STM32F4xx_HAL_Driver/Src/stm32f4xx_hal_tim.c.obj
 .debug_abbrev  0x000003a5      0x296 cmake/stm32cubemx/CMakeFiles/STM32_Drivers.dir/__/__/Drivers/STM32F4xx_HAL_Driver/Src/stm32f4xx_hal_tim_ex.c.obj
 .debug_abbrev  0x0000063b      0x2b6 cmake/stm32cubemx/CMakeFiles/STM32_Drivers.dir/__/__/Drivers/STM32F4xx_HAL_Driver/Src/stm32f4xx_hal_rcc.c.obj
 .debug_abbrev  0x000008f1      0x1d3 cmake/stm32cubemx/CMakeFiles/STM32_Drivers.dir/__/__/Drivers/STM32F4xx_HAL_Driver/Src/stm32f4xx_hal_gpio.c.obj
 .debug_abbrev  0x00000ac4      0x221 cmake/stm32cubemx/CMakeFiles/STM32_Drivers.dir/__/__/Drivers/STM32F4xx_HAL_Driver/Src/stm32f4xx_hal_dma.c.obj
 .debug_abbrev  0x00000ce5      0x31d cmake/stm32cubemx/CMakeFiles/STM32_Drivers.dir/__/__/Drivers/STM32F4xx_HAL_Driver/Src/stm32f4xx_hal_cortex.c.obj
 .debug_abbrev  0x00001002      0x24b cmake/stm32cubemx/CMakeFiles/STM32_Drivers.dir/__/__/Drivers/STM32F4xx_HAL_Driver/Src/stm32f4xx_hal.c.obj
 .debug_abbrev  0x0000124d      0x31b cmake/stm32cubemx/CMakeFiles/STM32_Drivers.dir/__/__/Drivers/STM32F4xx_HAL_Driver/Src/stm32f4xx_hal_uart.c.obj
 .debug_abbrev  0x00001568      0x3cf CMakeFiles/F411_ESC_Test.dir/Core/Src/main.c.obj
 .debug_abbrev  0x00001937      0x151 CMakeFiles/F411_ESC_Test.dir/Core/Src/gpio.c.obj
 .debug_abbrev  0x00001a88      0x10e CMakeFiles/F411_ESC_Test.dir/Core/Src/dma.c.obj
 .debug_abbrev  0x00001b96      0x220 CMakeFiles/F411_ESC_Test.dir/Core/Src/tim.c.obj
 .debug_abbrev  0x00001db6      0x1f8 CMakeFiles/F411_ESC_Test.dir/Core/Src/usart.c.obj
 .debug_abbrev  0x00001fae      0x138 CMakeFiles/F411_ESC_Test.dir/Core/Src/stm32f4xx_it.c.obj
 .debug_abbrev  0x000020e6       0xf4 CMakeFiles/F411_ESC_Test.dir/Core/Src/stm32f4xx_hal_msp.c.obj
 .debug_abbrev  0x000021da       0xbc CMakeFiles/F411_ESC_Test.dir/Core/Src/sysmem.c.obj
 .debug_abbrev  0x00002296       0x24 CMakeFiles/F411_ESC_Test.dir/startup_stm32f411xe.s.obj
 .debug_abbrev  0x000022ba      0x2c0 C:/Users/marlonwu/AppData/Local/stm32cube/bundles/gnu-tools-for-stm32/14.3.1+st.2/bin/../lib/gcc/arm-none-eabi/14.3.1/../../../../arm-none-eabi/lib/thumb/v7e-m+fp/hard\libg_nano.a(libc_a-strtoul.o)
 .debug_abbrev  0x0000257a       0x62 C:/Users/marlonwu/AppData/Local/stm32cube/bundles/gnu-tools-for-stm32/14.3.1+st.2/bin/../lib/gcc/arm-none-eabi/14.3.1/../../../../arm-none-eabi/lib/thumb/v7e-m+fp/hard\libg_nano.a(libc_a-ctype_.o)
 .debug_abbrev  0x000025dc      0x424 C:/Users/marlonwu/AppData/Local/stm32cube/bundles/gnu-tools-for-stm32/14.3.1+st.2/bin/../lib/gcc/arm-none-eabi/14.3.1/../../../../arm-none-eabi/lib/thumb/v7e-m+fp/hard\libg_nano.a(libc_a-findfp.o)
 .debug_abbrev  0x00002a00      0x21c C:/Users/marlonwu/AppData/Local/stm32cube/bundles/gnu-tools-for-stm32/14.3.1+st.2/bin/../lib/gcc/arm-none-eabi/14.3.1/../../../../arm-none-eabi/lib/thumb/v7e-m+fp/hard\libg_nano.a(libc_a-sprintf.o)
 .debug_abbrev  0x00002c1c       0x9e C:/Users/marlonwu/AppData/Local/stm32cube/bundles/gnu-tools-for-stm32/14.3.1+st.2/bin/../lib/gcc/arm-none-eabi/14.3.1/../../../../arm-none-eabi/lib/thumb/v7e-m+fp/hard\libg_nano.a(libc_a-memset.o)
 .debug_abbrev  0x00002cba       0x79 C:/Users/marlonwu/AppData/Local/stm32cube/bundles/gnu-tools-for-stm32/14.3.1+st.2/bin/../lib/gcc/arm-none-eabi/14.3.1/../../../../arm-none-eabi/lib/thumb/v7e-m+fp/hard\libg_nano.a(libc_a-strncmp.o)
 .debug_abbrev  0x00002d33      0x1f7 C:/Users/marlonwu/AppData/Local/stm32cube/bundles/gnu-tools-for-stm32/14.3.1+st.2/bin/../lib/gcc/arm-none-eabi/14.3.1/../../../../arm-none-eabi/lib/thumb/v7e-m+fp/hard\libg_nano.a(libc_a-reent.o)
 .debug_abbrev  0x00002f2a      0x149 C:/Users/marlonwu/AppData/Local/stm32cube/bundles/gnu-tools-for-stm32/14.3.1+st.2/bin/../lib/gcc/arm-none-eabi/14.3.1/../../../../arm-none-eabi/lib/thumb/v7e-m+fp/hard\libg_nano.a(libc_a-impure.o)
 .debug_abbrev  0x00003073      0x15e C:/Users/marlonwu/AppData/Local/stm32cube/bundles/gnu-tools-for-stm32/14.3.1+st.2/bin/../lib/gcc/arm-none-eabi/14.3.1/../../../../arm-none-eabi/lib/thumb/v7e-m+fp/hard\libg_nano.a(libc_a-errno.o)
 .debug_abbrev  0x000031d1       0xc9 C:/Users/marlonwu/AppData/Local/stm32cube/bundles/gnu-tools-for-stm32/14.3.1+st.2/bin/../lib/gcc/arm-none-eabi/14.3.1/../../../../arm-none-eabi/lib/thumb/v7e-m+fp/hard\libg_nano.a(libc_a-init.o)
 .debug_abbrev  0x0000329a      0x115 C:/Users/marlonwu/AppData/Local/stm32cube/bundles/gnu-tools-for-stm32/14.3.1+st.2/bin/../lib/gcc/arm-none-eabi/14.3.1/../../../../arm-none-eabi/lib/thumb/v7e-m+fp/hard\libg_nano.a(libc_a-lock.o)
 .debug_abbrev  0x000033af       0x28 C:/Users/marlonwu/AppData/Local/stm32cube/bundles/gnu-tools-for-stm32/14.3.1+st.2/bin/../lib/gcc/arm-none-eabi/14.3.1/../../../../arm-none-eabi/lib/thumb/v7e-m+fp/hard\libg_nano.a(libc_a-strcmp.o)
 .debug_abbrev  0x000033d7       0x28 C:/Users/marlonwu/AppData/Local/stm32cube/bundles/gnu-tools-for-stm32/14.3.1+st.2/bin/../lib/gcc/arm-none-eabi/14.3.1/../../../../arm-none-eabi/lib/thumb/v7e-m+fp/hard\libg_nano.a(libc_a-strlen.o)
 .debug_abbrev  0x000033ff      0x236 C:/Users/marlonwu/AppData/Local/stm32cube/bundles/gnu-tools-for-stm32/14.3.1+st.2/bin/../lib/gcc/arm-none-eabi/14.3.1/../../../../arm-none-eabi/lib/thumb/v7e-m+fp/hard\libg_nano.a(libc_a-freer.o)
 .debug_abbrev  0x00003635      0x24a C:/Users/marlonwu/AppData/Local/stm32cube/bundles/gnu-tools-for-stm32/14.3.1+st.2/bin/../lib/gcc/arm-none-eabi/14.3.1/../../../../arm-none-eabi/lib/thumb/v7e-m+fp/hard\libg_nano.a(libc_a-mallocr.o)
 .debug_abbrev  0x0000387f      0x1bf C:/Users/marlonwu/AppData/Local/stm32cube/bundles/gnu-tools-for-stm32/14.3.1+st.2/bin/../lib/gcc/arm-none-eabi/14.3.1/../../../../arm-none-eabi/lib/thumb/v7e-m+fp/hard\libg_nano.a(libc_a-mlock.o)
 .debug_abbrev  0x00003a3e      0x31e C:/Users/marlonwu/AppData/Local/stm32cube/bundles/gnu-tools-for-stm32/14.3.1+st.2/bin/../lib/gcc/arm-none-eabi/14.3.1/../../../../arm-none-eabi/lib/thumb/v7e-m+fp/hard\libg_nano.a(libc_a-nano-svfprintf.o)
 .debug_abbrev  0x00003d5c      0x28e C:/Users/marlonwu/AppData/Local/stm32cube/bundles/gnu-tools-for-stm32/14.3.1+st.2/bin/../lib/gcc/arm-none-eabi/14.3.1/../../../../arm-none-eabi/lib/thumb/v7e-m+fp/hard\libg_nano.a(libc_a-nano-vfprintf_i.o)
 .debug_abbrev  0x00003fea       0xac C:/Users/marlonwu/AppData/Local/stm32cube/bundles/gnu-tools-for-stm32/14.3.1+st.2/bin/../lib/gcc/arm-none-eabi/14.3.1/../../../../arm-none-eabi/lib/thumb/v7e-m+fp/hard\libg_nano.a(libc_a-memmove.o)
 .debug_abbrev  0x00004096      0x1da C:/Users/marlonwu/AppData/Local/stm32cube/bundles/gnu-tools-for-stm32/14.3.1+st.2/bin/../lib/gcc/arm-none-eabi/14.3.1/../../../../arm-none-eabi/lib/thumb/v7e-m+fp/hard\libg_nano.a(libc_a-sbrkr.o)
 .debug_abbrev  0x00004270       0x14 C:/Users/marlonwu/AppData/Local/stm32cube/bundles/gnu-tools-for-stm32/14.3.1+st.2/bin/../lib/gcc/arm-none-eabi/14.3.1/../../../../arm-none-eabi/lib/thumb/v7e-m+fp/hard\libg_nano.a(libc_a-memchr.o)
 .debug_abbrev  0x00004284       0xc1 C:/Users/marlonwu/AppData/Local/stm32cube/bundles/gnu-tools-for-stm32/14.3.1+st.2/bin/../lib/gcc/arm-none-eabi/14.3.1/../../../../arm-none-eabi/lib/thumb/v7e-m+fp/hard\libg_nano.a(libc_a-memcpy-stub.o)
 .debug_abbrev  0x00004345      0x217 C:/Users/marlonwu/AppData/Local/stm32cube/bundles/gnu-tools-for-stm32/14.3.1+st.2/bin/../lib/gcc/arm-none-eabi/14.3.1/../../../../arm-none-eabi/lib/thumb/v7e-m+fp/hard\libg_nano.a(libc_a-reallocr.o)
 .debug_abbrev  0x0000455c      0x196 C:/Users/marlonwu/AppData/Local/stm32cube/bundles/gnu-tools-for-stm32/14.3.1+st.2/bin/../lib/gcc/arm-none-eabi/14.3.1/../../../../arm-none-eabi/lib/thumb/v7e-m+fp/hard\libg_nano.a(libc_a-msizer.o)

.debug_aranges  0x00000000     0x1118
 .debug_aranges
                0x00000000       0x28 cmake/stm32cubemx/CMakeFiles/STM32_Drivers.dir/__/__/Core/Src/system_stm32f4xx.c.obj
 .debug_aranges
                0x00000028      0x3d0 cmake/stm32cubemx/CMakeFiles/STM32_Drivers.dir/__/__/Drivers/STM32F4xx_HAL_Driver/Src/stm32f4xx_hal_tim.c.obj
 .debug_aranges
                0x000003f8      0x168 cmake/stm32cubemx/CMakeFiles/STM32_Drivers.dir/__/__/Drivers/STM32F4xx_HAL_Driver/Src/stm32f4xx_hal_tim_ex.c.obj
 .debug_aranges
                0x00000560       0x88 cmake/stm32cubemx/CMakeFiles/STM32_Drivers.dir/__/__/Drivers/STM32F4xx_HAL_Driver/Src/stm32f4xx_hal_rcc.c.obj
 .debug_aranges
                0x000005e8       0x58 cmake/stm32cubemx/CMakeFiles/STM32_Drivers.dir/__/__/Drivers/STM32F4xx_HAL_Driver/Src/stm32f4xx_hal_gpio.c.obj
 .debug_aranges
                0x00000640       0x90 cmake/stm32cubemx/CMakeFiles/STM32_Drivers.dir/__/__/Drivers/STM32F4xx_HAL_Driver/Src/stm32f4xx_hal_dma.c.obj
 .debug_aranges
                0x000006d0      0x130 cmake/stm32cubemx/CMakeFiles/STM32_Drivers.dir/__/__/Drivers/STM32F4xx_HAL_Driver/Src/stm32f4xx_hal_cortex.c.obj
 .debug_aranges
                0x00000800       0xf0 cmake/stm32cubemx/CMakeFiles/STM32_Drivers.dir/__/__/Drivers/STM32F4xx_HAL_Driver/Src/stm32f4xx_hal.c.obj
 .debug_aranges
                0x000008f0      0x208 cmake/stm32cubemx/CMakeFiles/STM32_Drivers.dir/__/__/Drivers/STM32F4xx_HAL_Driver/Src/stm32f4xx_hal_uart.c.obj
 .debug_aranges
                0x00000af8       0xc8 CMakeFiles/F411_ESC_Test.dir/Core/Src/main.c.obj
 .debug_aranges
                0x00000bc0       0x20 CMakeFiles/F411_ESC_Test.dir/Core/Src/gpio.c.obj
 .debug_aranges
                0x00000be0       0x20 CMakeFiles/F411_ESC_Test.dir/Core/Src/dma.c.obj
 .debug_aranges
                0x00000c00       0x40 CMakeFiles/F411_ESC_Test.dir/Core/Src/tim.c.obj
 .debug_aranges
                0x00000c40       0x30 CMakeFiles/F411_ESC_Test.dir/Core/Src/usart.c.obj
 .debug_aranges
                0x00000c70       0x68 CMakeFiles/F411_ESC_Test.dir/Core/Src/stm32f4xx_it.c.obj
 .debug_aranges
                0x00000cd8       0x20 CMakeFiles/F411_ESC_Test.dir/Core/Src/stm32f4xx_hal_msp.c.obj
 .debug_aranges
                0x00000cf8       0x20 CMakeFiles/F411_ESC_Test.dir/Core/Src/sysmem.c.obj
 .debug_aranges
                0x00000d18       0x28 CMakeFiles/F411_ESC_Test.dir/startup_stm32f411xe.s.obj
 .debug_aranges
                0x00000d40       0x38 C:/Users/marlonwu/AppData/Local/stm32cube/bundles/gnu-tools-for-stm32/14.3.1+st.2/bin/../lib/gcc/arm-none-eabi/14.3.1/../../../../arm-none-eabi/lib/thumb/v7e-m+fp/hard\libg_nano.a(libc_a-strtoul.o)
 .debug_aranges
                0x00000d78       0x18 C:/Users/marlonwu/AppData/Local/stm32cube/bundles/gnu-tools-for-stm32/14.3.1+st.2/bin/../lib/gcc/arm-none-eabi/14.3.1/../../../../arm-none-eabi/lib/thumb/v7e-m+fp/hard\libg_nano.a(libc_a-ctype_.o)
 .debug_aranges
                0x00000d90       0x78 C:/Users/marlonwu/AppData/Local/stm32cube/bundles/gnu-tools-for-stm32/14.3.1+st.2/bin/../lib/gcc/arm-none-eabi/14.3.1/../../../../arm-none-eabi/lib/thumb/v7e-m+fp/hard\libg_nano.a(libc_a-findfp.o)
 .debug_aranges
                0x00000e08       0x28 C:/Users/marlonwu/AppData/Local/stm32cube/bundles/gnu-tools-for-stm32/14.3.1+st.2/bin/../lib/gcc/arm-none-eabi/14.3.1/../../../../arm-none-eabi/lib/thumb/v7e-m+fp/hard\libg_nano.a(libc_a-sprintf.o)
 .debug_aranges
                0x00000e30       0x20 C:/Users/marlonwu/AppData/Local/stm32cube/bundles/gnu-tools-for-stm32/14.3.1+st.2/bin/../lib/gcc/arm-none-eabi/14.3.1/../../../../arm-none-eabi/lib/thumb/v7e-m+fp/hard\libg_nano.a(libc_a-memset.o)
 .debug_aranges
                0x00000e50       0x20 C:/Users/marlonwu/AppData/Local/stm32cube/bundles/gnu-tools-for-stm32/14.3.1+st.2/bin/../lib/gcc/arm-none-eabi/14.3.1/../../../../arm-none-eabi/lib/thumb/v7e-m+fp/hard\libg_nano.a(libc_a-strncmp.o)
 .debug_aranges
                0x00000e70       0x20 C:/Users/marlonwu/AppData/Local/stm32cube/bundles/gnu-tools-for-stm32/14.3.1+st.2/bin/../lib/gcc/arm-none-eabi/14.3.1/../../../../arm-none-eabi/lib/thumb/v7e-m+fp/hard\libg_nano.a(libc_a-reent.o)
 .debug_aranges
                0x00000e90       0x18 C:/Users/marlonwu/AppData/Local/stm32cube/bundles/gnu-tools-for-stm32/14.3.1+st.2/bin/../lib/gcc/arm-none-eabi/14.3.1/../../../../arm-none-eabi/lib/thumb/v7e-m+fp/hard\libg_nano.a(libc_a-impure.o)
 .debug_aranges
                0x00000ea8       0x20 C:/Users/marlonwu/AppData/Local/stm32cube/bundles/gnu-tools-for-stm32/14.3.1+st.2/bin/../lib/gcc/arm-none-eabi/14.3.1/../../../../arm-none-eabi/lib/thumb/v7e-m+fp/hard\libg_nano.a(libc_a-errno.o)
 .debug_aranges
                0x00000ec8       0x20 C:/Users/marlonwu/AppData/Local/stm32cube/bundles/gnu-tools-for-stm32/14.3.1+st.2/bin/../lib/gcc/arm-none-eabi/14.3.1/../../../../arm-none-eabi/lib/thumb/v7e-m+fp/hard\libg_nano.a(libc_a-init.o)
 .debug_aranges
                0x00000ee8       0x68 C:/Users/marlonwu/AppData/Local/stm32cube/bundles/gnu-tools-for-stm32/14.3.1+st.2/bin/../lib/gcc/arm-none-eabi/14.3.1/../../../../arm-none-eabi/lib/thumb/v7e-m+fp/hard\libg_nano.a(libc_a-lock.o)
 .debug_aranges
                0x00000f50       0x20 C:/Users/marlonwu/AppData/Local/stm32cube/bundles/gnu-tools-for-stm32/14.3.1+st.2/bin/../lib/gcc/arm-none-eabi/14.3.1/../../../../arm-none-eabi/lib/thumb/v7e-m+fp/hard\libg_nano.a(libc_a-strcmp.o)
 .debug_aranges
                0x00000f70       0x20 C:/Users/marlonwu/AppData/Local/stm32cube/bundles/gnu-tools-for-stm32/14.3.1+st.2/bin/../lib/gcc/arm-none-eabi/14.3.1/../../../../arm-none-eabi/lib/thumb/v7e-m+fp/hard\libg_nano.a(libc_a-strlen.o)
 .debug_aranges
                0x00000f90       0x20 C:/Users/marlonwu/AppData/Local/stm32cube/bundles/gnu-tools-for-stm32/14.3.1+st.2/bin/../lib/gcc/arm-none-eabi/14.3.1/../../../../arm-none-eabi/lib/thumb/v7e-m+fp/hard\libg_nano.a(libc_a-freer.o)
 .debug_aranges
                0x00000fb0       0x28 C:/Users/marlonwu/AppData/Local/stm32cube/bundles/gnu-tools-for-stm32/14.3.1+st.2/bin/../lib/gcc/arm-none-eabi/14.3.1/../../../../arm-none-eabi/lib/thumb/v7e-m+fp/hard\libg_nano.a(libc_a-mallocr.o)
 .debug_aranges
                0x00000fd8       0x28 C:/Users/marlonwu/AppData/Local/stm32cube/bundles/gnu-tools-for-stm32/14.3.1+st.2/bin/../lib/gcc/arm-none-eabi/14.3.1/../../../../arm-none-eabi/lib/thumb/v7e-m+fp/hard\libg_nano.a(libc_a-mlock.o)
 .debug_aranges
                0x00001000       0x30 C:/Users/marlonwu/AppData/Local/stm32cube/bundles/gnu-tools-for-stm32/14.3.1+st.2/bin/../lib/gcc/arm-none-eabi/14.3.1/../../../../arm-none-eabi/lib/thumb/v7e-m+fp/hard\libg_nano.a(libc_a-nano-svfprintf.o)
 .debug_aranges
                0x00001030       0x28 C:/Users/marlonwu/AppData/Local/stm32cube/bundles/gnu-tools-for-stm32/14.3.1+st.2/bin/../lib/gcc/arm-none-eabi/14.3.1/../../../../arm-none-eabi/lib/thumb/v7e-m+fp/hard\libg_nano.a(libc_a-nano-vfprintf_i.o)
 .debug_aranges
                0x00001058       0x20 C:/Users/marlonwu/AppData/Local/stm32cube/bundles/gnu-tools-for-stm32/14.3.1+st.2/bin/../lib/gcc/arm-none-eabi/14.3.1/../../../../arm-none-eabi/lib/thumb/v7e-m+fp/hard\libg_nano.a(libc_a-memmove.o)
 .debug_aranges