D:/Work_202506/STM32CubeIDE_Project/F411_ESC_Test/Core/Src/main.c:168:13:UART_SendString	16	static
D:/Work_202506/STM32CubeIDE_Project/F411_ESC_Test/Core/Src/main.c:173:17:ESC_ClampPulseUs	16	static
D:/Work_202506/STM32CubeIDE_Project/F411_ESC_Test/Core/Src/main.c:188:13:ESC_ApplyPulseUs	16	static
D:/Work_202506/STM32CubeIDE_Project/F411_ESC_Test/Core/Src/main.c:194:13:ESC_SetPulseUs	16	static
D:/Work_202506/STM32CubeIDE_Project/F411_ESC_Test/Core/Src/main.c:199:13:ESC_SetDutyPercent	24	static
D:/Work_202506/STM32CubeIDE_Project/F411_ESC_Test/Core/Src/main.c:212:13:ESC_SetState	16	static
D:/Work_202506/STM32CubeIDE_Project/F411_ESC_Test/Core/Src/main.c:239:13:ESC_EmergencyStop	8	static
D:/Work_202506/STM32CubeIDE_Project/F411_ESC_Test/Core/Src/main.c:245:13:UART_NormalizeCommand	24	static
D:/Work_202506/STM32CubeIDE_Project/F411_ESC_Test/Core/Src/main.c:256:13:UART_SanitizeCommand	24	static
D:/Work_202506/STM32CubeIDE_Project/F411_ESC_Test/Core/Src/main.c:289:16:UART_TryParseUint16	24	static
D:/Work_202506/STM32CubeIDE_Project/F411_ESC_Test/Core/Src/main.c:304:16:DSHOT_CalcCRC	24	static
D:/Work_202506/STM32CubeIDE_Project/F411_ESC_Test/Core/Src/main.c:323:17:DSHOT_PreparePacket	32	static
D:/Work_202506/STM32CubeIDE_Project/F411_ESC_Test/Core/Src/main.c:346:13:DSHOT_PrepareBuffer	24	static
D:/Work_202506/STM32CubeIDE_Project/F411_ESC_Test/Core/Src/main.c:373:16:DSHOT_SetupTimer	8	static
D:/Work_202506/STM32CubeIDE_Project/F411_ESC_Test/Core/Src/main.c:390:13:DSHOT_ConfigureTimer	56	static
D:/Work_202506/STM32CubeIDE_Project/F411_ESC_Test/Core/Src/main.c:449:13:PWM_ConfigureTimer	40	static
D:/Work_202506/STM32CubeIDE_Project/F411_ESC_Test/Core/Src/main.c:497:16:DSHOT_SendCommand	24	static
D:/Work_202506/STM32CubeIDE_Project/F411_ESC_Test/Core/Src/main.c:520:13:ESC_ProcessCommand	56	static
D:/Work_202506/STM32CubeIDE_Project/F411_ESC_Test/Core/Src/main.c:835:13:UART_ProcessInput	16	static
D:/Work_202506/STM32CubeIDE_Project/F411_ESC_Test/Core/Src/main.c:879:5:main	16	static
D:/Work_202506/STM32CubeIDE_Project/F411_ESC_Test/Core/Src/main.c:950:6:SystemClock_Config	88	static
D:/Work_202506/STM32CubeIDE_Project/F411_ESC_Test/Core/Src/main.c:999:6:Error_Handler	4	static,ignoring_inline_asm
